14:52:31 **** Auto Build of configuration Debug for project thermo ****
make pre-build main-build 
a9-linaro-pre-build-step
 
Building file: ../src/main.c
Invoking: ARM v7 gcc compiler
arm-none-eabi-gcc -Wall -O0 -g3 -c -fmessage-length=0 -MT"src/main.o" -mcpu=cortex-a9 -mfpu=vfpv3 -mfloat-abi=hard -I../../thermo_bsp/ps7_cortexa9_0/include -MMD -MP -MF"src/main.d" -MT"src/main.o" -o "src/main.o" "../src/main.c"
In file included from ../src/main.c:11:0:
../../thermo_bsp/ps7_cortexa9_0/include/xbasic_types.h:115:2: warning: #warning The xbasics_type.h file is deprecated and users should use xil_types.h and xil_assert. [-Wcpp]
 #warning  The xbasics_type.h file is deprecated and users should use xil_types.h and xil_assert.
  ^~~~~~~
../../thermo_bsp/ps7_cortexa9_0/include/xbasic_types.h:116:2: warning: #warning Please refer the Standalone BSP UG647 for further details [-Wcpp]
 #warning  Please refer the Standalone BSP UG647 for further details
  ^~~~~~~
In file included from ../../thermo_bsp/ps7_cortexa9_0/include/xgpio.h:135:0,
                 from ../src/main.c:7:
../src/main.c: In function 'init_btn':
../../thermo_bsp/ps7_cortexa9_0/include/xstatus.h:65:41: warning: 'return' with a value, in function returning void
 #define XST_FAILURE                     1L
                                         ^
../src/main.c:338:35: note: in expansion of macro 'XST_FAILURE'
  if(status != XST_SUCCESS) return XST_FAILURE;
                                   ^~~~~~~~~~~
../src/main.c:335:6: note: declared here
 void init_btn() {
      ^~~~~~~~
Finished building: ../src/main.c
 
Building target: thermo.elf
Invoking: ARM v7 gcc linker
arm-none-eabi-gcc -mcpu=cortex-a9 -mfpu=vfpv3 -mfloat-abi=hard -Wl,-build-id=none -specs=Xilinx.spec -Wl,-T -Wl,../src/lscript.ld -L../../thermo_bsp/ps7_cortexa9_0/lib -o "thermo.elf"  ./src/main.o ./src/platform.o   -Wl,--start-group,-lxil,-lgcc,-lc,--end-group
Finished building target: thermo.elf
 
Invoking: ARM v7 Print Size
arm-none-eabi-size thermo.elf  |tee "thermo.elf.size"
   text	   data	    bss	    dec	    hex	filename
  52224	   1272	  24024	  77520	  12ed0	thermo.elf
Finished building: thermo.elf.size
 

14:52:31 Build Finished (took 360ms)

