12:35:50 **** Build of project project_code_bsp ****
make -k all 
Running Make include in ps7_cortexa9_0/libsrc/dmaps_v2_3/src
make -C ps7_cortexa9_0/libsrc/dmaps_v2_3/src -s include  "SHELL=/bin/sh" "COMPILER=arm-none-eabi-gcc" "ARCHIVER=arm-none-eabi-ar" "COMPILER_FLAGS=  -O2 -c" "EXTRA_COMPILER_FLAGS=-mcpu=cortex-a9 -mfpu=vfpv3 -mfloat-abi=hard -nostartfiles -g -Wall -Wextra"
Running Make include in ps7_cortexa9_0/libsrc/ddrps_v1_0/src
make -C ps7_cortexa9_0/libsrc/ddrps_v1_0/src -s include  "SHELL=/bin/sh" "COMPILER=arm-none-eabi-gcc" "ARCHIVER=arm-none-eabi-ar" "COMPILER_FLAGS=  -O2 -c" "EXTRA_COMPILER_FLAGS=-mcpu=cortex-a9 -mfpu=vfpv3 -mfloat-abi=hard -nostartfiles -g -Wall -Wextra"
Running Make include in ps7_cortexa9_0/libsrc/PmodOLED_v1_0/src
make -C ps7_cortexa9_0/libsrc/PmodOLED_v1_0/src -s include  "SHELL=/bin/sh" "COMPILER=arm-none-eabi-gcc" "ARCHIVER=arm-none-eabi-ar" "COMPILER_FLAGS=  -O2 -c" "EXTRA_COMPILER_FLAGS=-mcpu=cortex-a9 -mfpu=vfpv3 -mfloat-abi=hard -nostartfiles -g -Wall -Wextra"
Running Make include in ps7_cortexa9_0/libsrc/qspips_v3_4/src
make -C ps7_cortexa9_0/libsrc/qspips_v3_4/src -s include  "SHELL=/bin/sh" "COMPILER=arm-none-eabi-gcc" "ARCHIVER=arm-none-eabi-ar" "COMPILER_FLAGS=  -O2 -c" "EXTRA_COMPILER_FLAGS=-mcpu=cortex-a9 -mfpu=vfpv3 -mfloat-abi=hard -nostartfiles -g -Wall -Wextra"
Running Make include in ps7_cortexa9_0/libsrc/standalone_v6_7/src
make -C ps7_cortexa9_0/libsrc/standalone_v6_7/src -s include  "SHELL=/bin/sh" "COMPILER=arm-none-eabi-gcc" "ARCHIVER=arm-none-eabi-ar" "COMPILER_FLAGS=  -O2 -c" "EXTRA_COMPILER_FLAGS=-mcpu=cortex-a9 -mfpu=vfpv3 -mfloat-abi=hard -nostartfiles -g -Wall -Wextra"
Running Make include in ps7_cortexa9_0/libsrc/gpiops_v3_3/src
make -C ps7_cortexa9_0/libsrc/gpiops_v3_3/src -s include  "SHELL=/bin/sh" "COMPILER=arm-none-eabi-gcc" "ARCHIVER=arm-none-eabi-ar" "COMPILER_FLAGS=  -O2 -c" "EXTRA_COMPILER_FLAGS=-mcpu=cortex-a9 -mfpu=vfpv3 -mfloat-abi=hard -nostartfiles -g -Wall -Wextra"
Running Make include in ps7_cortexa9_0/libsrc/cpu_cortexa9_v2_6/src
make -C ps7_cortexa9_0/libsrc/cpu_cortexa9_v2_6/src -s include  "SHELL=/bin/sh" "COMPILER=arm-none-eabi-gcc" "ARCHIVER=arm-none-eabi-ar" "COMPILER_FLAGS=  -O2 -c" "EXTRA_COMPILER_FLAGS=-mcpu=cortex-a9 -mfpu=vfpv3 -mfloat-abi=hard -nostartfiles -g -Wall -Wextra"
Running Make include in ps7_cortexa9_0/libsrc/emacps_v3_7/src
make -C ps7_cortexa9_0/libsrc/emacps_v3_7/src -s include  "SHELL=/bin/sh" "COMPILER=arm-none-eabi-gcc" "ARCHIVER=arm-none-eabi-ar" "COMPILER_FLAGS=  -O2 -c" "EXTRA_COMPILER_FLAGS=-mcpu=cortex-a9 -mfpu=vfpv3 -mfloat-abi=hard -nostartfiles -g -Wall -Wextra"
Running Make include in ps7_cortexa9_0/libsrc/scugic_v3_9/src
make -C ps7_cortexa9_0/libsrc/scugic_v3_9/src -s include  "SHELL=/bin/sh" "COMPILER=arm-none-eabi-gcc" "ARCHIVER=arm-none-eabi-ar" "COMPILER_FLAGS=  -O2 -c" "EXTRA_COMPILER_FLAGS=-mcpu=cortex-a9 -mfpu=vfpv3 -mfloat-abi=hard -nostartfiles -g -Wall -Wextra"
Running Make include in ps7_cortexa9_0/libsrc/uartps_v3_6/src
make -C ps7_cortexa9_0/libsrc/uartps_v3_6/src -s include  "SHELL=/bin/sh" "COMPILER=arm-none-eabi-gcc" "ARCHIVER=arm-none-eabi-ar" "COMPILER_FLAGS=  -O2 -c" "EXTRA_COMPILER_FLAGS=-mcpu=cortex-a9 -mfpu=vfpv3 -mfloat-abi=hard -nostartfiles -g -Wall -Wextra"
Running Make include in ps7_cortexa9_0/libsrc/xadcps_v2_2/src
make -C ps7_cortexa9_0/libsrc/xadcps_v2_2/src -s include  "SHELL=/bin/sh" "COMPILER=arm-none-eabi-gcc" "ARCHIVER=arm-none-eabi-ar" "COMPILER_FLAGS=  -O2 -c" "EXTRA_COMPILER_FLAGS=-mcpu=cortex-a9 -mfpu=vfpv3 -mfloat-abi=hard -nostartfiles -g -Wall -Wextra"
Running Make include in ps7_cortexa9_0/libsrc/PmodBLE_v1_0/src
make -C ps7_cortexa9_0/libsrc/PmodBLE_v1_0/src -s include  "SHELL=/bin/sh" "COMPILER=arm-none-eabi-gcc" "ARCHIVER=arm-none-eabi-ar" "COMPILER_FLAGS=  -O2 -c" "EXTRA_COMPILER_FLAGS=-mcpu=cortex-a9 -mfpu=vfpv3 -mfloat-abi=hard -nostartfiles -g -Wall -Wextra"
Running Make include in ps7_cortexa9_0/libsrc/PmodTMP3_v1_0/src
make -C ps7_cortexa9_0/libsrc/PmodTMP3_v1_0/src -s include  "SHELL=/bin/sh" "COMPILER=arm-none-eabi-gcc" "ARCHIVER=arm-none-eabi-ar" "COMPILER_FLAGS=  -O2 -c" "EXTRA_COMPILER_FLAGS=-mcpu=cortex-a9 -mfpu=vfpv3 -mfloat-abi=hard -nostartfiles -g -Wall -Wextra"
Running Make include in ps7_cortexa9_0/libsrc/devcfg_v3_5/src
make -C ps7_cortexa9_0/libsrc/devcfg_v3_5/src -s include  "SHELL=/bin/sh" "COMPILER=arm-none-eabi-gcc" "ARCHIVER=arm-none-eabi-ar" "COMPILER_FLAGS=  -O2 -c" "EXTRA_COMPILER_FLAGS=-mcpu=cortex-a9 -mfpu=vfpv3 -mfloat-abi=hard -nostartfiles -g -Wall -Wextra"
Running Make include in ps7_cortexa9_0/libsrc/gpio_v4_3/src
make -C ps7_cortexa9_0/libsrc/gpio_v4_3/src -s include  "SHELL=/bin/sh" "COMPILER=arm-none-eabi-gcc" "ARCHIVER=arm-none-eabi-ar" "COMPILER_FLAGS=  -O2 -c" "EXTRA_COMPILER_FLAGS=-mcpu=cortex-a9 -mfpu=vfpv3 -mfloat-abi=hard -nostartfiles -g -Wall -Wextra"
Running Make include in ps7_cortexa9_0/libsrc/scuwdt_v2_1/src
make -C ps7_cortexa9_0/libsrc/scuwdt_v2_1/src -s include  "SHELL=/bin/sh" "COMPILER=arm-none-eabi-gcc" "ARCHIVER=arm-none-eabi-ar" "COMPILER_FLAGS=  -O2 -c" "EXTRA_COMPILER_FLAGS=-mcpu=cortex-a9 -mfpu=vfpv3 -mfloat-abi=hard -nostartfiles -g -Wall -Wextra"
Running Make include in ps7_cortexa9_0/libsrc/ttcps_v3_6/src
make -C ps7_cortexa9_0/libsrc/ttcps_v3_6/src -s include  "SHELL=/bin/sh" "COMPILER=arm-none-eabi-gcc" "ARCHIVER=arm-none-eabi-ar" "COMPILER_FLAGS=  -O2 -c" "EXTRA_COMPILER_FLAGS=-mcpu=cortex-a9 -mfpu=vfpv3 -mfloat-abi=hard -nostartfiles -g -Wall -Wextra"
Running Make include in ps7_cortexa9_0/libsrc/sdps_v3_5/src
make -C ps7_cortexa9_0/libsrc/sdps_v3_5/src -s include  "SHELL=/bin/sh" "COMPILER=arm-none-eabi-gcc" "ARCHIVER=arm-none-eabi-ar" "COMPILER_FLAGS=  -O2 -c" "EXTRA_COMPILER_FLAGS=-mcpu=cortex-a9 -mfpu=vfpv3 -mfloat-abi=hard -nostartfiles -g -Wall -Wextra"
Running Make include in ps7_cortexa9_0/libsrc/PmodRTCC_v1_0/src
make -C ps7_cortexa9_0/libsrc/PmodRTCC_v1_0/src -s include  "SHELL=/bin/sh" "COMPILER=arm-none-eabi-gcc" "ARCHIVER=arm-none-eabi-ar" "COMPILER_FLAGS=  -O2 -c" "EXTRA_COMPILER_FLAGS=-mcpu=cortex-a9 -mfpu=vfpv3 -mfloat-abi=hard -nostartfiles -g -Wall -Wextra"
Running Make include in ps7_cortexa9_0/libsrc/usbps_v2_4/src
make -C ps7_cortexa9_0/libsrc/usbps_v2_4/src -s include  "SHELL=/bin/sh" "COMPILER=arm-none-eabi-gcc" "ARCHIVER=arm-none-eabi-ar" "COMPILER_FLAGS=  -O2 -c" "EXTRA_COMPILER_FLAGS=-mcpu=cortex-a9 -mfpu=vfpv3 -mfloat-abi=hard -nostartfiles -g -Wall -Wextra"
Running Make include in ps7_cortexa9_0/libsrc/coresightps_dcc_v1_4/src
make -C ps7_cortexa9_0/libsrc/coresightps_dcc_v1_4/src -s include  "SHELL=/bin/sh" "COMPILER=arm-none-eabi-gcc" "ARCHIVER=arm-none-eabi-ar" "COMPILER_FLAGS=  -O2 -c" "EXTRA_COMPILER_FLAGS=-mcpu=cortex-a9 -mfpu=vfpv3 -mfloat-abi=hard -nostartfiles -g -Wall -Wextra"
Running Make include in ps7_cortexa9_0/libsrc/scutimer_v2_1/src
make -C ps7_cortexa9_0/libsrc/scutimer_v2_1/src -s include  "SHELL=/bin/sh" "COMPILER=arm-none-eabi-gcc" "ARCHIVER=arm-none-eabi-ar" "COMPILER_FLAGS=  -O2 -c" "EXTRA_COMPILER_FLAGS=-mcpu=cortex-a9 -mfpu=vfpv3 -mfloat-abi=hard -nostartfiles -g -Wall -Wextra"
Running Make libs in ps7_cortexa9_0/libsrc/dmaps_v2_3/src
make -C ps7_cortexa9_0/libsrc/dmaps_v2_3/src -s libs  "SHELL=/bin/sh" "COMPILER=arm-none-eabi-gcc" "ARCHIVER=arm-none-eabi-ar" "COMPILER_FLAGS=  -O2 -c" "EXTRA_COMPILER_FLAGS=-mcpu=cortex-a9 -mfpu=vfpv3 -mfloat-abi=hard -nostartfiles -g -Wall -Wextra"
Compiling dmaps
arm-none-eabi-ar: creating ../../../lib/libxil.a
Running Make libs in ps7_cortexa9_0/libsrc/ddrps_v1_0/src
make -C ps7_cortexa9_0/libsrc/ddrps_v1_0/src -s libs  "SHELL=/bin/sh" "COMPILER=arm-none-eabi-gcc" "ARCHIVER=arm-none-eabi-ar" "COMPILER_FLAGS=  -O2 -c" "EXTRA_COMPILER_FLAGS=-mcpu=cortex-a9 -mfpu=vfpv3 -mfloat-abi=hard -nostartfiles -g -Wall -Wextra"
Compiling ddrps
Running Make libs in ps7_cortexa9_0/libsrc/PmodOLED_v1_0/src
make -C ps7_cortexa9_0/libsrc/PmodOLED_v1_0/src -s libs  "SHELL=/bin/sh" "COMPILER=arm-none-eabi-gcc" "ARCHIVER=arm-none-eabi-ar" "COMPILER_FLAGS=  -O2 -c" "EXTRA_COMPILER_FLAGS=-mcpu=cortex-a9 -mfpu=vfpv3 -mfloat-abi=hard -nostartfiles -g -Wall -Wextra"
Compiling PmodOLED...
OledDriver.c: In function 'OLED_Update':
OledDriver.c:532:14: warning: unused variable 'icol' [-Wunused-variable]
     int      icol;
              ^~~~
OledGrph.c: In function 'OLED_GetStdPattern':
OledGrph.c:196:23: warning: return discards 'const' qualifier from pointer target type [-Wdiscarded-qualifiers]
     return rgbFillPat + 8*ipat;
            ~~~~~~~~~~~^~~~~~~~
OledGrph.c: In function 'OLED_FillRect':
OledGrph.c:506:9: warning: unused variable 'bTmp' [-Wunused-variable]
     u8  bTmp;
         ^~~~
OledGrph.c: In function 'OLED_GetBmp':
OledGrph.c:612:11: warning: variable 'bTmp' set but not used [-Wunused-but-set-variable]
     u8    bTmp;
           ^~~~
OledGrph.c: In function 'OLED_PutBmp':
OledGrph.c:713:11: warning: unused variable 'bTmp' [-Wunused-variable]
     u8    bTmp;
           ^~~~
OledGrph.c:706:11: warning: unused variable 'bDsp' [-Wunused-variable]
     u8    bDsp;
           ^~~~
OledGrph.c: In function 'OLED_DrawChar':
OledGrph.c:812:11: warning: unused variable 'ib' [-Wunused-variable]
     int   ib;
           ^~
OledGrph.c:811:11: warning: variable 'pbBmp' set but not used [-Wunused-but-set-variable]
     u8   *pbBmp;
           ^~~~~
Running Make libs in ps7_cortexa9_0/libsrc/qspips_v3_4/src
make -C ps7_cortexa9_0/libsrc/qspips_v3_4/src -s libs  "SHELL=/bin/sh" "COMPILER=arm-none-eabi-gcc" "ARCHIVER=arm-none-eabi-ar" "COMPILER_FLAGS=  -O2 -c" "EXTRA_COMPILER_FLAGS=-mcpu=cortex-a9 -mfpu=vfpv3 -mfloat-abi=hard -nostartfiles -g -Wall -Wextra"
Compiling qspips
Running Make libs in ps7_cortexa9_0/libsrc/standalone_v6_7/src
make -C ps7_cortexa9_0/libsrc/standalone_v6_7/src -s libs  "SHELL=/bin/sh" "COMPILER=arm-none-eabi-gcc" "ARCHIVER=arm-none-eabi-ar" "COMPILER_FLAGS=  -O2 -c" "EXTRA_COMPILER_FLAGS=-mcpu=cortex-a9 -mfpu=vfpv3 -mfloat-abi=hard -nostartfiles -g -Wall -Wextra"
Compiling standalone
In file included from sleep.c:57:0:
xtime_l.h:89:9: note: #pragma message: For the sleep routines, Global timer is being used
 #pragma message ("For the sleep routines, Global timer is being used")
         ^~~~~~~
In file included from xtime_l.c:53:0:
xtime_l.h:89:9: note: #pragma message: For the sleep routines, Global timer is being used
 #pragma message ("For the sleep routines, Global timer is being used")
         ^~~~~~~
In file included from xil_sleeptimer.c:55:0:
xtime_l.h:89:9: note: #pragma message: For the sleep routines, Global timer is being used
 #pragma message ("For the sleep routines, Global timer is being used")
         ^~~~~~~
In file included from usleep.c:60:0:
xtime_l.h:89:9: note: #pragma message: For the sleep routines, Global timer is being used
 #pragma message ("For the sleep routines, Global timer is being used")
         ^~~~~~~
Running Make libs in ps7_cortexa9_0/libsrc/gpiops_v3_3/src
make -C ps7_cortexa9_0/libsrc/gpiops_v3_3/src -s libs  "SHELL=/bin/sh" "COMPILER=arm-none-eabi-gcc" "ARCHIVER=arm-none-eabi-ar" "COMPILER_FLAGS=  -O2 -c" "EXTRA_COMPILER_FLAGS=-mcpu=cortex-a9 -mfpu=vfpv3 -mfloat-abi=hard -nostartfiles -g -Wall -Wextra"
Compiling gpiops
Running Make libs in ps7_cortexa9_0/libsrc/cpu_cortexa9_v2_6/src
make -C ps7_cortexa9_0/libsrc/cpu_cortexa9_v2_6/src -s libs  "SHELL=/bin/sh" "COMPILER=arm-none-eabi-gcc" "ARCHIVER=arm-none-eabi-ar" "COMPILER_FLAGS=  -O2 -c" "EXTRA_COMPILER_FLAGS=-mcpu=cortex-a9 -mfpu=vfpv3 -mfloat-abi=hard -nostartfiles -g -Wall -Wextra"
Compiling cpu_cortexa9
Running Make libs in ps7_cortexa9_0/libsrc/emacps_v3_7/src
make -C ps7_cortexa9_0/libsrc/emacps_v3_7/src -s libs  "SHELL=/bin/sh" "COMPILER=arm-none-eabi-gcc" "ARCHIVER=arm-none-eabi-ar" "COMPILER_FLAGS=  -O2 -c" "EXTRA_COMPILER_FLAGS=-mcpu=cortex-a9 -mfpu=vfpv3 -mfloat-abi=hard -nostartfiles -g -Wall -Wextra"
Compiling emacps
Running Make libs in ps7_cortexa9_0/libsrc/scugic_v3_9/src
make -C ps7_cortexa9_0/libsrc/scugic_v3_9/src -s libs  "SHELL=/bin/sh" "COMPILER=arm-none-eabi-gcc" "ARCHIVER=arm-none-eabi-ar" "COMPILER_FLAGS=  -O2 -c" "EXTRA_COMPILER_FLAGS=-mcpu=cortex-a9 -mfpu=vfpv3 -mfloat-abi=hard -nostartfiles -g -Wall -Wextra"
Compiling scugic
Running Make libs in ps7_cortexa9_0/libsrc/uartps_v3_6/src
make -C ps7_cortexa9_0/libsrc/uartps_v3_6/src -s libs  "SHELL=/bin/sh" "COMPILER=arm-none-eabi-gcc" "ARCHIVER=arm-none-eabi-ar" "COMPILER_FLAGS=  -O2 -c" "EXTRA_COMPILER_FLAGS=-mcpu=cortex-a9 -mfpu=vfpv3 -mfloat-abi=hard -nostartfiles -g -Wall -Wextra"
Compiling uartps
Running Make libs in ps7_cortexa9_0/libsrc/xadcps_v2_2/src
make -C ps7_cortexa9_0/libsrc/xadcps_v2_2/src -s libs  "SHELL=/bin/sh" "COMPILER=arm-none-eabi-gcc" "ARCHIVER=arm-none-eabi-ar" "COMPILER_FLAGS=  -O2 -c" "EXTRA_COMPILER_FLAGS=-mcpu=cortex-a9 -mfpu=vfpv3 -mfloat-abi=hard -nostartfiles -g -Wall -Wextra"
Compiling xadcps
Running Make libs in ps7_cortexa9_0/libsrc/PmodBLE_v1_0/src
make -C ps7_cortexa9_0/libsrc/PmodBLE_v1_0/src -s libs  "SHELL=/bin/sh" "COMPILER=arm-none-eabi-gcc" "ARCHIVER=arm-none-eabi-ar" "COMPILER_FLAGS=  -O2 -c" "EXTRA_COMPILER_FLAGS=-mcpu=cortex-a9 -mfpu=vfpv3 -mfloat-abi=hard -nostartfiles -g -Wall -Wextra"
Compiling PmodBLE...
Running Make libs in ps7_cortexa9_0/libsrc/PmodTMP3_v1_0/src
make -C ps7_cortexa9_0/libsrc/PmodTMP3_v1_0/src -s libs  "SHELL=/bin/sh" "COMPILER=arm-none-eabi-gcc" "ARCHIVER=arm-none-eabi-ar" "COMPILER_FLAGS=  -O2 -c" "EXTRA_COMPILER_FLAGS=-mcpu=cortex-a9 -mfpu=vfpv3 -mfloat-abi=hard -nostartfiles -g -Wall -Wextra"
Compiling PmodTMP3...
In file included from xiic.h:324:0,
                 from PmodTMP3.h:29,
                 from PmodTMP3.c:26:
PmodTMP3.c: In function 'TMP3_IICInit':
xiic_l.h:299:13: warning: passing argument 1 of 'Xil_Out32' makes integer from pointer without a cast [-Wint-conversion]
  XIic_Out32((BaseAddress) + (RegOffset), (RegisterValue))
             ^
xiic_l.h:316:2: note: in expansion of macro 'XIic_WriteReg'
  XIic_WriteReg((BaseAddress), XIIC_DGIER_OFFSET, 0)
  ^~~~~~~~~~~~~
PmodTMP3.c:115:4: note: in expansion of macro 'XIic_IntrGlobalDisable'
    XIic_IntrGlobalDisable(IicInstancePtr);
    ^~~~~~~~~~~~~~~~~~~~~~
In file included from xiic_l.h:97:0,
                 from xiic.h:324,
                 from PmodTMP3.h:29,
                 from PmodTMP3.c:26:
../../../include/xil_io.h:223:20: note: expected 'UINTPTR {aka unsigned int}' but argument is of type 'XIic * {aka struct <anonymous> *}'
 static INLINE void Xil_Out32(UINTPTR Addr, u32 Value)
                    ^~~~~~~~~
Running Make libs in ps7_cortexa9_0/libsrc/devcfg_v3_5/src
make -C ps7_cortexa9_0/libsrc/devcfg_v3_5/src -s libs  "SHELL=/bin/sh" "COMPILER=arm-none-eabi-gcc" "ARCHIVER=arm-none-eabi-ar" "COMPILER_FLAGS=  -O2 -c" "EXTRA_COMPILER_FLAGS=-mcpu=cortex-a9 -mfpu=vfpv3 -mfloat-abi=hard -nostartfiles -g -Wall -Wextra"
Compiling devcfg
Running Make libs in ps7_cortexa9_0/libsrc/gpio_v4_3/src
make -C ps7_cortexa9_0/libsrc/gpio_v4_3/src -s libs  "SHELL=/bin/sh" "COMPILER=arm-none-eabi-gcc" "ARCHIVER=arm-none-eabi-ar" "COMPILER_FLAGS=  -O2 -c" "EXTRA_COMPILER_FLAGS=-mcpu=cortex-a9 -mfpu=vfpv3 -mfloat-abi=hard -nostartfiles -g -Wall -Wextra"
Compiling gpio
Running Make libs in ps7_cortexa9_0/libsrc/scuwdt_v2_1/src
make -C ps7_cortexa9_0/libsrc/scuwdt_v2_1/src -s libs  "SHELL=/bin/sh" "COMPILER=arm-none-eabi-gcc" "ARCHIVER=arm-none-eabi-ar" "COMPILER_FLAGS=  -O2 -c" "EXTRA_COMPILER_FLAGS=-mcpu=cortex-a9 -mfpu=vfpv3 -mfloat-abi=hard -nostartfiles -g -Wall -Wextra"
Compiling scuwdt
Running Make libs in ps7_cortexa9_0/libsrc/ttcps_v3_6/src
make -C ps7_cortexa9_0/libsrc/ttcps_v3_6/src -s libs  "SHELL=/bin/sh" "COMPILER=arm-none-eabi-gcc" "ARCHIVER=arm-none-eabi-ar" "COMPILER_FLAGS=  -O2 -c" "EXTRA_COMPILER_FLAGS=-mcpu=cortex-a9 -mfpu=vfpv3 -mfloat-abi=hard -nostartfiles -g -Wall -Wextra"
Compiling ttcps
Running Make libs in ps7_cortexa9_0/libsrc/sdps_v3_5/src
make -C ps7_cortexa9_0/libsrc/sdps_v3_5/src -s libs  "SHELL=/bin/sh" "COMPILER=arm-none-eabi-gcc" "ARCHIVER=arm-none-eabi-ar" "COMPILER_FLAGS=  -O2 -c" "EXTRA_COMPILER_FLAGS=-mcpu=cortex-a9 -mfpu=vfpv3 -mfloat-abi=hard -nostartfiles -g -Wall -Wextra"
Compiling sdps
Running Make libs in ps7_cortexa9_0/libsrc/PmodRTCC_v1_0/src
make -C ps7_cortexa9_0/libsrc/PmodRTCC_v1_0/src -s libs  "SHELL=/bin/sh" "COMPILER=arm-none-eabi-gcc" "ARCHIVER=arm-none-eabi-ar" "COMPILER_FLAGS=  -O2 -c" "EXTRA_COMPILER_FLAGS=-mcpu=cortex-a9 -mfpu=vfpv3 -mfloat-abi=hard -nostartfiles -g -Wall -Wextra"
Compiling PmodRTCC...
In file included from xiic.h:324:0,
                 from PmodRTCC.h:30,
                 from PmodRTCC.c:25:
PmodRTCC.c: In function 'RTCC_IICInit':
xiic_l.h:299:13: warning: passing argument 1 of 'Xil_Out32' makes integer from pointer without a cast [-Wint-conversion]
  XIic_Out32((BaseAddress) + (RegOffset), (RegisterValue))
             ^
xiic_l.h:316:2: note: in expansion of macro 'XIic_WriteReg'
  XIic_WriteReg((BaseAddress), XIIC_DGIER_OFFSET, 0)
  ^~~~~~~~~~~~~
PmodRTCC.c:97:4: note: in expansion of macro 'XIic_IntrGlobalDisable'
    XIic_IntrGlobalDisable(IicInstancePtr);
    ^~~~~~~~~~~~~~~~~~~~~~
In file included from xiic_l.h:97:0,
                 from xiic.h:324,
                 from PmodRTCC.h:30,
                 from PmodRTCC.c:25:
../../../include/xil_io.h:223:20: note: expected 'UINTPTR {aka unsigned int}' but argument is of type 'XIic * {aka struct <anonymous> *}'
 static INLINE void Xil_Out32(UINTPTR Addr, u32 Value)
                    ^~~~~~~~~
Running Make libs in ps7_cortexa9_0/libsrc/usbps_v2_4/src
make -C ps7_cortexa9_0/libsrc/usbps_v2_4/src -s libs  "SHELL=/bin/sh" "COMPILER=arm-none-eabi-gcc" "ARCHIVER=arm-none-eabi-ar" "COMPILER_FLAGS=  -O2 -c" "EXTRA_COMPILER_FLAGS=-mcpu=cortex-a9 -mfpu=vfpv3 -mfloat-abi=hard -nostartfiles -g -Wall -Wextra"
Compiling usbps
Running Make libs in ps7_cortexa9_0/libsrc/coresightps_dcc_v1_4/src
make -C ps7_cortexa9_0/libsrc/coresightps_dcc_v1_4/src -s libs  "SHELL=/bin/sh" "COMPILER=arm-none-eabi-gcc" "ARCHIVER=arm-none-eabi-ar" "COMPILER_FLAGS=  -O2 -c" "EXTRA_COMPILER_FLAGS=-mcpu=cortex-a9 -mfpu=vfpv3 -mfloat-abi=hard -nostartfiles -g -Wall -Wextra"
Compiling coresightps_dcc
Running Make libs in ps7_cortexa9_0/libsrc/scutimer_v2_1/src
make -C ps7_cortexa9_0/libsrc/scutimer_v2_1/src -s libs  "SHELL=/bin/sh" "COMPILER=arm-none-eabi-gcc" "ARCHIVER=arm-none-eabi-ar" "COMPILER_FLAGS=  -O2 -c" "EXTRA_COMPILER_FLAGS=-mcpu=cortex-a9 -mfpu=vfpv3 -mfloat-abi=hard -nostartfiles -g -Wall -Wextra"
Compiling scutimer
Finished building libraries
12:36:00 **** Build of configuration Debug for project project_code ****
make pre-build main-build 
a9-linaro-pre-build-step
 
Building file: ../src/helloworld.c
Invoking: ARM v7 gcc compiler
arm-none-eabi-gcc -Wall -O0 -g3 -c -fmessage-length=0 -MT"src/helloworld.o" -mcpu=cortex-a9 -mfpu=vfpv3 -mfloat-abi=hard -I../../project_code_bsp/ps7_cortexa9_0/include -MMD -MP -MF"src/helloworld.d" -MT"src/helloworld.o" -o "src/helloworld.o" "../src/helloworld.c"
Finished building: ../src/helloworld.c
 
Building file: ../src/platform.c
Invoking: ARM v7 gcc compiler
arm-none-eabi-gcc -Wall -O0 -g3 -c -fmessage-length=0 -MT"src/platform.o" -mcpu=cortex-a9 -mfpu=vfpv3 -mfloat-abi=hard -I../../project_code_bsp/ps7_cortexa9_0/include -MMD -MP -MF"src/platform.d" -MT"src/platform.o" -o "src/platform.o" "../src/platform.c"
Finished building: ../src/platform.c
 
Building target: project_code.elf
Invoking: ARM v7 gcc linker
arm-none-eabi-gcc -mcpu=cortex-a9 -mfpu=vfpv3 -mfloat-abi=hard -Wl,-build-id=none -specs=Xilinx.spec -Wl,-T -Wl,../src/lscript.ld -L../../project_code_bsp/ps7_cortexa9_0/lib -o "project_code.elf"  ./src/helloworld.o ./src/platform.o   -Wl,--start-group,-lxil,-lgcc,-lc,--end-group
Finished building target: project_code.elf
 
Invoking: ARM v7 Print Size
arm-none-eabi-size project_code.elf  |tee "project_code.elf.size"
   text	   data	    bss	    dec	    hex	filename
  19352	   1144	  22568	  43064	   a838	project_code.elf
Finished building: project_code.elf.size
 
12:36:01 **** Auto Build of configuration Debug for project project_code ****
make pre-build main-build 
a9-linaro-pre-build-step
 
make: Nothing to be done for 'main-build'.
12:36:09 **** Clean-only build of configuration Debug for project project_code ****
make clean 
rm -rf  ./src/helloworld.o ./src/platform.o  ./src/helloworld.d ./src/platform.d  project_code.elf.size  project_code.elf
 
12:36:09 **** Auto Build of configuration Debug for project project_code ****
make pre-build main-build 
a9-linaro-pre-build-step
 
Building file: ../src/main.c
Invoking: ARM v7 gcc compiler
arm-none-eabi-gcc -Wall -O0 -g3 -c -fmessage-length=0 -MT"src/main.o" -mcpu=cortex-a9 -mfpu=vfpv3 -mfloat-abi=hard -I../../project_code_bsp/ps7_cortexa9_0/include -MMD -MP -MF"src/main.d" -MT"src/main.o" -o "src/main.o" "../src/main.c"
Finished building: ../src/main.c
 
Building file: ../src/platform.c
Invoking: ARM v7 gcc compiler
arm-none-eabi-gcc -Wall -O0 -g3 -c -fmessage-length=0 -MT"src/platform.o" -mcpu=cortex-a9 -mfpu=vfpv3 -mfloat-abi=hard -I../../project_code_bsp/ps7_cortexa9_0/include -MMD -MP -MF"src/platform.d" -MT"src/platform.o" -o "src/platform.o" "../src/platform.c"
Finished building: ../src/platform.c
 
Building target: project_code.elf
Invoking: ARM v7 gcc linker
arm-none-eabi-gcc -mcpu=cortex-a9 -mfpu=vfpv3 -mfloat-abi=hard -Wl,-build-id=none -specs=Xilinx.spec -Wl,-T -Wl,../src/lscript.ld -L../../project_code_bsp/ps7_cortexa9_0/lib -o "project_code.elf"  ./src/main.o ./src/platform.o   -Wl,--start-group,-lxil,-lgcc,-lc,--end-group
Finished building target: project_code.elf
 
Invoking: ARM v7 Print Size
arm-none-eabi-size project_code.elf  |tee "project_code.elf.size"
   text	   data	    bss	    dec	    hex	filename
  19352	   1144	  22568	  43064	   a838	project_code.elf
Finished building: project_code.elf.size
 
12:36:20 **** Auto Build of configuration Debug for project project_code ****
make pre-build main-build 
a9-linaro-pre-build-step
 
Building file: ../src/main.c
Invoking: ARM v7 gcc compiler
arm-none-eabi-gcc -Wall -O0 -g3 -c -fmessage-length=0 -MT"src/main.o" -mcpu=cortex-a9 -mfpu=vfpv3 -mfloat-abi=hard -I../../project_code_bsp/ps7_cortexa9_0/include -MMD -MP -MF"src/main.d" -MT"src/main.o" -o "src/main.o" "../src/main.c"
Finished building: ../src/main.c
 
Building target: project_code.elf
Invoking: ARM v7 gcc linker
arm-none-eabi-gcc -mcpu=cortex-a9 -mfpu=vfpv3 -mfloat-abi=hard -Wl,-build-id=none -specs=Xilinx.spec -Wl,-T -Wl,../src/lscript.ld -L../../project_code_bsp/ps7_cortexa9_0/lib -o "project_code.elf"  ./src/main.o ./src/platform.o   -Wl,--start-group,-lxil,-lgcc,-lc,--end-group
Finished building target: project_code.elf
 
Invoking: ARM v7 Print Size
arm-none-eabi-size project_code.elf  |tee "project_code.elf.size"
   text	   data	    bss	    dec	    hex	filename
  19132	   1144	  22568	  42844	   a75c	project_code.elf
Finished building: project_code.elf.size
 
12:36:23 **** Auto Build of configuration Debug for project project_code ****
make pre-build main-build 
a9-linaro-pre-build-step
 
Building file: ../src/main.c
Invoking: ARM v7 gcc compiler
arm-none-eabi-gcc -Wall -O0 -g3 -c -fmessage-length=0 -MT"src/main.o" -mcpu=cortex-a9 -mfpu=vfpv3 -mfloat-abi=hard -I../../project_code_bsp/ps7_cortexa9_0/include -MMD -MP -MF"src/main.d" -MT"src/main.o" -o "src/main.o" "../src/main.c"
Finished building: ../src/main.c
 
Building target: project_code.elf
Invoking: ARM v7 gcc linker
arm-none-eabi-gcc -mcpu=cortex-a9 -mfpu=vfpv3 -mfloat-abi=hard -Wl,-build-id=none -specs=Xilinx.spec -Wl,-T -Wl,../src/lscript.ld -L../../project_code_bsp/ps7_cortexa9_0/lib -o "project_code.elf"  ./src/main.o ./src/platform.o   -Wl,--start-group,-lxil,-lgcc,-lc,--end-group
Finished building target: project_code.elf
 
Invoking: ARM v7 Print Size
arm-none-eabi-size project_code.elf  |tee "project_code.elf.size"
   text	   data	    bss	    dec	    hex	filename
  19132	   1144	  22568	  42844	   a75c	project_code.elf
Finished building: project_code.elf.size
 
12:37:13 **** Auto Build of configuration Debug for project project_code ****
make pre-build main-build 
a9-linaro-pre-build-step
 
Building file: ../src/main.c
Invoking: ARM v7 gcc compiler
arm-none-eabi-gcc -Wall -O0 -g3 -c -fmessage-length=0 -MT"src/main.o" -mcpu=cortex-a9 -mfpu=vfpv3 -mfloat-abi=hard -I../../project_code_bsp/ps7_cortexa9_0/include -MMD -MP -MF"src/main.d" -MT"src/main.o" -o "src/main.o" "../src/main.c"
../src/main.c:53:10: fatal error: xtmrctr.h: No such file or directory
 #include "xtmrctr.h"
          ^~~~~~~~~~~
compilation terminated.
src/subdir.mk:24: recipe for target 'src/main.o' failed
make: *** [src/main.o] Error 1
12:37:35 **** Auto Build of configuration Debug for project project_code ****
make pre-build main-build 
a9-linaro-pre-build-step
 
Building file: ../src/main.c
Invoking: ARM v7 gcc compiler
arm-none-eabi-gcc -Wall -O0 -g3 -c -fmessage-length=0 -MT"src/main.o" -mcpu=cortex-a9 -mfpu=vfpv3 -mfloat-abi=hard -I../../project_code_bsp/ps7_cortexa9_0/include -MMD -MP -MF"src/main.d" -MT"src/main.o" -o "src/main.o" "../src/main.c"
../src/main.c:53:10: fatal error: xtmrctr.h: No such file or directory
 #include "xtmrctr.h"
          ^~~~~~~~~~~
compilation terminated.
src/subdir.mk:24: recipe for target 'src/main.o' failed
make: *** [src/main.o] Error 1
12:38:06 **** Auto Build of configuration Debug for project project_code ****
make pre-build main-build 
a9-linaro-pre-build-step
 
Building file: ../src/main.c
Invoking: ARM v7 gcc compiler
arm-none-eabi-gcc -Wall -O0 -g3 -c -fmessage-length=0 -MT"src/main.o" -mcpu=cortex-a9 -mfpu=vfpv3 -mfloat-abi=hard -I../../project_code_bsp/ps7_cortexa9_0/include -MMD -MP -MF"src/main.d" -MT"src/main.o" -o "src/main.o" "../src/main.c"
../src/main.c:53:10: fatal error: xtmrctr.h: No such file or directory
 #include "xtmrctr.h"
          ^~~~~~~~~~~
compilation terminated.
make: *** [src/main.o] Error 1
src/subdir.mk:24: recipe for target 'src/main.o' failed
12:38:11 **** Auto Build of configuration Debug for project project_code ****
make pre-build main-build 
a9-linaro-pre-build-step
 
Building file: ../src/main.c
Invoking: ARM v7 gcc compiler
arm-none-eabi-gcc -Wall -O0 -g3 -c -fmessage-length=0 -MT"src/main.o" -mcpu=cortex-a9 -mfpu=vfpv3 -mfloat-abi=hard -I../../project_code_bsp/ps7_cortexa9_0/include -MMD -MP -MF"src/main.d" -MT"src/main.o" -o "src/main.o" "../src/main.c"
Finished building: ../src/main.c
 
Building target: project_code.elf
Invoking: ARM v7 gcc linker
arm-none-eabi-gcc -mcpu=cortex-a9 -mfpu=vfpv3 -mfloat-abi=hard -Wl,-build-id=none -specs=Xilinx.spec -Wl,-T -Wl,../src/lscript.ld -L../../project_code_bsp/ps7_cortexa9_0/lib -o "project_code.elf"  ./src/main.o ./src/platform.o   -Wl,--start-group,-lxil,-lgcc,-lc,--end-group
Finished building target: project_code.elf
 
Invoking: ARM v7 Print Size
arm-none-eabi-size project_code.elf  |tee "project_code.elf.size"
   text	   data	    bss	    dec	    hex	filename
  19132	   1144	  22584	  42860	   a76c	project_code.elf
Finished building: project_code.elf.size
 
12:38:41 **** Auto Build of configuration Debug for project project_code ****
make pre-build main-build 
a9-linaro-pre-build-step
 
Building file: ../src/main.c
Invoking: ARM v7 gcc compiler
arm-none-eabi-gcc -Wall -O0 -g3 -c -fmessage-length=0 -MT"src/main.o" -mcpu=cortex-a9 -mfpu=vfpv3 -mfloat-abi=hard -I../../project_code_bsp/ps7_cortexa9_0/include -MMD -MP -MF"src/main.d" -MT"src/main.o" -o "src/main.o" "../src/main.c"
../src/main.c: In function 'BTN_Intr_Handler':
../src/main.c:66:26: error: 'BTNInst' undeclared (first use in this function); did you mean 'BTNinst'?
  XGpio_InterruptDisable(&BTNInst, BTN_INT);
                          ^~~~~~~
                          BTNinst
../src/main.c:66:26: note: each undeclared identifier is reported only once for each function it appears in
../src/main.c:66:35: error: 'BTN_INT' undeclared (first use in this function)
  XGpio_InterruptDisable(&BTNInst, BTN_INT);
                                   ^~~~~~~
../src/main.c:72:2: error: 'btn_value' undeclared (first use in this function)
  btn_value = XGpio_DiscreteRead(&BTNInst, 1);
  ^~~~~~~~~
../src/main.c:75:2: error: 'led_data' undeclared (first use in this function)
  led_data = led_data + btn_value;
  ^~~~~~~~
../src/main.c:77:26: error: 'LEDInst' undeclared (first use in this function); did you mean 'BTNInst'?
     XGpio_DiscreteWrite(&LEDInst, 1, led_data);
                          ^~~~~~~
                          BTNInst
At top level:
../src/main.c:63:6: warning: 'BTN_Intr_Handler' defined but not used [-Wunused-function]
 void BTN_Intr_Handler(void *InstancePtr)
      ^~~~~~~~~~~~~~~~
src/subdir.mk:24: recipe for target 'src/main.o' failed
make: *** [src/main.o] Error 1
12:39:02 **** Auto Build of configuration Debug for project project_code ****
make pre-build main-build 
a9-linaro-pre-build-step
 
Building file: ../src/main.c
Invoking: ARM v7 gcc compiler
arm-none-eabi-gcc -Wall -O0 -g3 -c -fmessage-length=0 -MT"src/main.o" -mcpu=cortex-a9 -mfpu=vfpv3 -mfloat-abi=hard -I../../project_code_bsp/ps7_cortexa9_0/include -MMD -MP -MF"src/main.d" -MT"src/main.o" -o "src/main.o" "../src/main.c"
../src/main.c: In function 'BTN_Intr_Handler':
../src/main.c:66:26: error: 'BTNInst' undeclared (first use in this function); did you mean 'BTNinst'?
  XGpio_InterruptDisable(&BTNInst, BTN_INT);
                          ^~~~~~~
                          BTNinst
../src/main.c:66:26: note: each undeclared identifier is reported only once for each function it appears in
../src/main.c:66:35: error: 'BTN_INT' undeclared (first use in this function)
  XGpio_InterruptDisable(&BTNInst, BTN_INT);
                                   ^~~~~~~
../src/main.c:72:2: error: 'btn_value' undeclared (first use in this function)
  btn_value = XGpio_DiscreteRead(&BTNInst, 1);
  ^~~~~~~~~
../src/main.c:75:2: error: 'led_data' undeclared (first use in this function)
  led_data = led_data + btn_value;
  ^~~~~~~~
../src/main.c:77:26: error: 'LEDInst' undeclared (first use in this function); did you mean 'BTNInst'?
     XGpio_DiscreteWrite(&LEDInst, 1, led_data);
                          ^~~~~~~
                          BTNInst
../src/main.c: In function 'main':
../src/main.c:86:5: error: 'status' undeclared (first use in this function); did you mean 'XStatus'?
     status = XGpio_Initialize(&BTNInst, BTNS_DEVICE_ID);
     ^~~~~~
     XStatus
../src/main.c:86:32: error: 'BTNInst' undeclared (first use in this function); did you mean 'BTNinst'?
     status = XGpio_Initialize(&BTNInst, BTNS_DEVICE_ID);
                                ^~~~~~~
                                BTNinst
At top level:
../src/main.c:63:6: warning: 'BTN_Intr_Handler' defined but not used [-Wunused-function]
 void BTN_Intr_Handler(void *InstancePtr)
      ^~~~~~~~~~~~~~~~
make: *** [src/main.o] Error 1
src/subdir.mk:24: recipe for target 'src/main.o' failed
12:39:31 **** Auto Build of configuration Debug for project project_code ****
make pre-build main-build 
a9-linaro-pre-build-step
 
Building file: ../src/main.c
Invoking: ARM v7 gcc compiler
arm-none-eabi-gcc -Wall -O0 -g3 -c -fmessage-length=0 -MT"src/main.o" -mcpu=cortex-a9 -mfpu=vfpv3 -mfloat-abi=hard -I../../project_code_bsp/ps7_cortexa9_0/include -MMD -MP -MF"src/main.d" -MT"src/main.o" -o "src/main.o" "../src/main.c"
../src/main.c: In function 'BTN_Intr_Handler':
../src/main.c:66:26: error: 'BTNInst' undeclared (first use in this function); did you mean 'BTNinst'?
  XGpio_InterruptDisable(&BTNInst, BTN_INT);
                          ^~~~~~~
                          BTNinst
../src/main.c:66:26: note: each undeclared identifier is reported only once for each function it appears in
../src/main.c:66:35: error: 'BTN_INT' undeclared (first use in this function)
  XGpio_InterruptDisable(&BTNInst, BTN_INT);
                                   ^~~~~~~
../src/main.c:72:2: error: 'btn_value' undeclared (first use in this function)
  btn_value = XGpio_DiscreteRead(&BTNInst, 1);
  ^~~~~~~~~
../src/main.c:75:2: error: 'led_data' undeclared (first use in this function)
  led_data = led_data + btn_value;
  ^~~~~~~~
../src/main.c: In function 'main':
../src/main.c:85:5: error: 'status' undeclared (first use in this function); did you mean 'XStatus'?
     status = XGpio_Initialize(&BTNInst, BTNS_DEVICE_ID);
     ^~~~~~
     XStatus
../src/main.c:85:32: error: 'BTNInst' undeclared (first use in this function); did you mean 'BTNinst'?
     status = XGpio_Initialize(&BTNInst, BTNS_DEVICE_ID);
                                ^~~~~~~
                                BTNinst
At top level:
../src/main.c:63:6: warning: 'BTN_Intr_Handler' defined but not used [-Wunused-function]
 void BTN_Intr_Handler(void *InstancePtr)
      ^~~~~~~~~~~~~~~~
make: *** [src/main.o] Error 1
src/subdir.mk:24: recipe for target 'src/main.o' failed
12:39:34 **** Auto Build of configuration Debug for project project_code ****
make pre-build main-build 
a9-linaro-pre-build-step
 
Building file: ../src/main.c
Invoking: ARM v7 gcc compiler
arm-none-eabi-gcc -Wall -O0 -g3 -c -fmessage-length=0 -MT"src/main.o" -mcpu=cortex-a9 -mfpu=vfpv3 -mfloat-abi=hard -I../../project_code_bsp/ps7_cortexa9_0/include -MMD -MP -MF"src/main.d" -MT"src/main.o" -o "src/main.o" "../src/main.c"
../src/main.c: In function 'BTN_Intr_Handler':
../src/main.c:66:26: error: 'BTNInst' undeclared (first use in this function); did you mean 'BTNinst'?
  XGpio_InterruptDisable(&BTNInst, BTN_INT);
                          ^~~~~~~
                          BTNinst
../src/main.c:66:26: note: each undeclared identifier is reported only once for each function it appears in
../src/main.c:66:35: error: 'BTN_INT' undeclared (first use in this function)
  XGpio_InterruptDisable(&BTNInst, BTN_INT);
                                   ^~~~~~~
../src/main.c:72:2: error: 'btn_value' undeclared (first use in this function)
  btn_value = XGpio_DiscreteRead(&BTNInst, 1);
  ^~~~~~~~~
../src/main.c: In function 'main':
../src/main.c:84:5: error: 'status' undeclared (first use in this function); did you mean 'XStatus'?
     status = XGpio_Initialize(&BTNInst, BTNS_DEVICE_ID);
     ^~~~~~
     XStatus
../src/main.c:84:32: error: 'BTNInst' undeclared (first use in this function); did you mean 'BTNinst'?
     status = XGpio_Initialize(&BTNInst, BTNS_DEVICE_ID);
                                ^~~~~~~
                                BTNinst
At top level:
../src/main.c:63:6: warning: 'BTN_Intr_Handler' defined but not used [-Wunused-function]
 void BTN_Intr_Handler(void *InstancePtr)
      ^~~~~~~~~~~~~~~~
make: *** [src/main.o] Error 1
src/subdir.mk:24: recipe for target 'src/main.o' failed
12:39:44 **** Auto Build of configuration Debug for project project_code ****
make pre-build main-build 
a9-linaro-pre-build-step
 
Building file: ../src/main.c
Invoking: ARM v7 gcc compiler
arm-none-eabi-gcc -Wall -O0 -g3 -c -fmessage-length=0 -MT"src/main.o" -mcpu=cortex-a9 -mfpu=vfpv3 -mfloat-abi=hard -I../../project_code_bsp/ps7_cortexa9_0/include -MMD -MP -MF"src/main.d" -MT"src/main.o" -o "src/main.o" "../src/main.c"
../src/main.c: In function 'BTN_Intr_Handler':
../src/main.c:66:26: error: 'BTNInst' undeclared (first use in this function); did you mean 'BTNinst'?
  XGpio_InterruptDisable(&BTNInst, BTN_INT);
                          ^~~~~~~
                          BTNinst
../src/main.c:66:26: note: each undeclared identifier is reported only once for each function it appears in
../src/main.c:66:35: error: 'BTN_INT' undeclared (first use in this function)
  XGpio_InterruptDisable(&BTNInst, BTN_INT);
                                   ^~~~~~~
../src/main.c:72:2: error: 'btn_value' undeclared (first use in this function)
  btn_value = XGpio_DiscreteRead(&BTNInst, 1);
  ^~~~~~~~~
../src/main.c: In function 'main':
../src/main.c:84:5: error: 'status' undeclared (first use in this function); did you mean 'XStatus'?
     status = XGpio_Initialize(&BTNInst, BTNS_DEVICE_ID);
     ^~~~~~
     XStatus
../src/main.c:84:32: error: 'BTNInst' undeclared (first use in this function); did you mean 'BTNinst'?
     status = XGpio_Initialize(&BTNInst, BTNS_DEVICE_ID);
                                ^~~~~~~
                                BTNinst
At top level:
../src/main.c:63:6: warning: 'BTN_Intr_Handler' defined but not used [-Wunused-function]
 void BTN_Intr_Handler(void *InstancePtr)
      ^~~~~~~~~~~~~~~~
make: *** [src/main.o] Error 1
src/subdir.mk:24: recipe for target 'src/main.o' failed
12:39:51 **** Auto Build of configuration Debug for project project_code ****
make pre-build main-build 
a9-linaro-pre-build-step
 
Building file: ../src/main.c
Invoking: ARM v7 gcc compiler
arm-none-eabi-gcc -Wall -O0 -g3 -c -fmessage-length=0 -MT"src/main.o" -mcpu=cortex-a9 -mfpu=vfpv3 -mfloat-abi=hard -I../../project_code_bsp/ps7_cortexa9_0/include -MMD -MP -MF"src/main.d" -MT"src/main.o" -o "src/main.o" "../src/main.c"
../src/main.c: In function 'BTN_Intr_Handler':
../src/main.c:67:26: error: 'BTNInst' undeclared (first use in this function); did you mean 'BTNinst'?
  XGpio_InterruptDisable(&BTNInst, BTN_INT);
                          ^~~~~~~
                          BTNinst
../src/main.c:67:26: note: each undeclared identifier is reported only once for each function it appears in
../src/main.c:73:2: error: 'btn_value' undeclared (first use in this function)
  btn_value = XGpio_DiscreteRead(&BTNInst, 1);
  ^~~~~~~~~
../src/main.c: In function 'main':
../src/main.c:85:5: error: 'status' undeclared (first use in this function); did you mean 'XStatus'?
     status = XGpio_Initialize(&BTNInst, BTNS_DEVICE_ID);
     ^~~~~~
     XStatus
../src/main.c:85:32: error: 'BTNInst' undeclared (first use in this function); did you mean 'BTNinst'?
     status = XGpio_Initialize(&BTNInst, BTNS_DEVICE_ID);
                                ^~~~~~~
                                BTNinst
At top level:
../src/main.c:64:6: warning: 'BTN_Intr_Handler' defined but not used [-Wunused-function]
 void BTN_Intr_Handler(void *InstancePtr)
      ^~~~~~~~~~~~~~~~
make: *** [src/main.o] Error 1
src/subdir.mk:24: recipe for target 'src/main.o' failed
12:40:05 **** Auto Build of configuration Debug for project project_code ****
make pre-build main-build 
a9-linaro-pre-build-step
 
Building file: ../src/main.c
Invoking: ARM v7 gcc compiler
arm-none-eabi-gcc -Wall -O0 -g3 -c -fmessage-length=0 -MT"src/main.o" -mcpu=cortex-a9 -mfpu=vfpv3 -mfloat-abi=hard -I../../project_code_bsp/ps7_cortexa9_0/include -MMD -MP -MF"src/main.d" -MT"src/main.o" -o "src/main.o" "../src/main.c"
../src/main.c: In function 'BTN_Intr_Handler':
../src/main.c:68:26: error: 'BTNInst' undeclared (first use in this function); did you mean 'BTNinst'?
  XGpio_InterruptDisable(&BTNInst, BTN_INT);
                          ^~~~~~~
                          BTNinst
../src/main.c:68:26: note: each undeclared identifier is reported only once for each function it appears in
../src/main.c:74:2: error: 'btn_value' undeclared (first use in this function)
  btn_value = XGpio_DiscreteRead(&BTNInst, 1);
  ^~~~~~~~~
../src/main.c: In function 'main':
../src/main.c:86:5: error: 'status' undeclared (first use in this function); did you mean 'XStatus'?
     status = XGpio_Initialize(&BTNInst, BTNS_DEVICE_ID);
     ^~~~~~
     XStatus
../src/main.c:86:32: error: 'BTNInst' undeclared (first use in this function); did you mean 'BTNinst'?
     status = XGpio_Initialize(&BTNInst, BTNS_DEVICE_ID);
                                ^~~~~~~
                                BTNinst
At top level:
../src/main.c:65:6: warning: 'BTN_Intr_Handler' defined but not used [-Wunused-function]
 void BTN_Intr_Handler(void *InstancePtr)
      ^~~~~~~~~~~~~~~~
../src/main.c:60:12: warning: 'temp_set' defined but not used [-Wunused-variable]
 static int temp_set;
            ^~~~~~~~
src/subdir.mk:24: recipe for target 'src/main.o' failed
make: *** [src/main.o] Error 1
12:40:09 **** Auto Build of configuration Debug for project project_code ****
make pre-build main-build 
a9-linaro-pre-build-step
 
Building file: ../src/main.c
Invoking: ARM v7 gcc compiler
arm-none-eabi-gcc -Wall -O0 -g3 -c -fmessage-length=0 -MT"src/main.o" -mcpu=cortex-a9 -mfpu=vfpv3 -mfloat-abi=hard -I../../project_code_bsp/ps7_cortexa9_0/include -MMD -MP -MF"src/main.d" -MT"src/main.o" -o "src/main.o" "../src/main.c"
../src/main.c: In function 'BTN_Intr_Handler':
../src/main.c:68:26: error: 'BTNInst' undeclared (first use in this function); did you mean 'BTNinst'?
  XGpio_InterruptDisable(&BTNInst, BTN_INT);
                          ^~~~~~~
                          BTNinst
../src/main.c:68:26: note: each undeclared identifier is reported only once for each function it appears in
../src/main.c: In function 'main':
../src/main.c:86:5: error: 'status' undeclared (first use in this function); did you mean 'XStatus'?
     status = XGpio_Initialize(&BTNInst, BTNS_DEVICE_ID);
     ^~~~~~
     XStatus
../src/main.c:86:32: error: 'BTNInst' undeclared (first use in this function); did you mean 'BTNinst'?
     status = XGpio_Initialize(&BTNInst, BTNS_DEVICE_ID);
                                ^~~~~~~
                                BTNinst
At top level:
../src/main.c:65:6: warning: 'BTN_Intr_Handler' defined but not used [-Wunused-function]
 void BTN_Intr_Handler(void *InstancePtr)
      ^~~~~~~~~~~~~~~~
make: *** [src/main.o] Error 1
src/subdir.mk:24: recipe for target 'src/main.o' failed
12:40:30 **** Auto Build of configuration Debug for project project_code ****
make pre-build main-build 
a9-linaro-pre-build-step
 
Building file: ../src/main.c
Invoking: ARM v7 gcc compiler
arm-none-eabi-gcc -Wall -O0 -g3 -c -fmessage-length=0 -MT"src/main.o" -mcpu=cortex-a9 -mfpu=vfpv3 -mfloat-abi=hard -I../../project_code_bsp/ps7_cortexa9_0/include -MMD -MP -MF"src/main.d" -MT"src/main.o" -o "src/main.o" "../src/main.c"
../src/main.c: In function 'BTN_Intr_Handler':
../src/main.c:68:26: error: 'BTNInst' undeclared (first use in this function); did you mean 'BTNinst'?
  XGpio_InterruptDisable(&BTNInst, BTN_INT);
                          ^~~~~~~
                          BTNinst
../src/main.c:68:26: note: each undeclared identifier is reported only once for each function it appears in
../src/main.c: In function 'main':
../src/main.c:87:5: error: 'status' undeclared (first use in this function); did you mean 'XStatus'?
     status = XGpio_Initialize(&BTNInst, BTNS_DEVICE_ID);
     ^~~~~~
     XStatus
../src/main.c:87:32: error: 'BTNInst' undeclared (first use in this function); did you mean 'BTNinst'?
     status = XGpio_Initialize(&BTNInst, BTNS_DEVICE_ID);
                                ^~~~~~~
                                BTNinst
At top level:
../src/main.c:65:6: warning: 'BTN_Intr_Handler' defined but not used [-Wunused-function]
 void BTN_Intr_Handler(void *InstancePtr)
      ^~~~~~~~~~~~~~~~
src/subdir.mk:24: recipe for target 'src/main.o' failed
make: *** [src/main.o] Error 1
12:41:03 **** Auto Build of configuration Debug for project project_code ****
make pre-build main-build 
a9-linaro-pre-build-step
 
Building file: ../src/main.c
Invoking: ARM v7 gcc compiler
arm-none-eabi-gcc -Wall -O0 -g3 -c -fmessage-length=0 -MT"src/main.o" -mcpu=cortex-a9 -mfpu=vfpv3 -mfloat-abi=hard -I../../project_code_bsp/ps7_cortexa9_0/include -MMD -MP -MF"src/main.d" -MT"src/main.o" -o "src/main.o" "../src/main.c"
../src/main.c: In function 'BTN_Intr_Handler':
../src/main.c:68:26: error: 'BTNInst' undeclared (first use in this function); did you mean 'BTNinst'?
  XGpio_InterruptDisable(&BTNInst, BTN_INT);
                          ^~~~~~~
                          BTNinst
../src/main.c:68:26: note: each undeclared identifier is reported only once for each function it appears in
../src/main.c:78:21: error: expected expression before ')' token
  if(temp_set % 2 == ) {
                     ^
../src/main.c:79:3: warning: statement with no effect [-Wunused-value]
   temp_set - 1;
   ^~~~~~~~
../src/main.c: In function 'main':
../src/main.c:91:5: error: 'status' undeclared (first use in this function); did you mean 'XStatus'?
     status = XGpio_Initialize(&BTNInst, BTNS_DEVICE_ID);
     ^~~~~~
     XStatus
../src/main.c:91:32: error: 'BTNInst' undeclared (first use in this function); did you mean 'BTNinst'?
     status = XGpio_Initialize(&BTNInst, BTNS_DEVICE_ID);
                                ^~~~~~~
                                BTNinst
At top level:
../src/main.c:65:6: warning: 'BTN_Intr_Handler' defined but not used [-Wunused-function]
 void BTN_Intr_Handler(void *InstancePtr)
      ^~~~~~~~~~~~~~~~
make: *** [src/main.o] Error 1
src/subdir.mk:24: recipe for target 'src/main.o' failed
12:41:38 **** Auto Build of configuration Debug for project project_code ****
make pre-build main-build 
a9-linaro-pre-build-step
 
Building file: ../src/main.c
Invoking: ARM v7 gcc compiler
arm-none-eabi-gcc -Wall -O0 -g3 -c -fmessage-length=0 -MT"src/main.o" -mcpu=cortex-a9 -mfpu=vfpv3 -mfloat-abi=hard -I../../project_code_bsp/ps7_cortexa9_0/include -MMD -MP -MF"src/main.d" -MT"src/main.o" -o "src/main.o" "../src/main.c"
../src/main.c: In function 'BTN_Intr_Handler':
../src/main.c:68:26: error: 'BTNInst' undeclared (first use in this function); did you mean 'BTNinst'?
  XGpio_InterruptDisable(&BTNInst, BTN_INT);
                          ^~~~~~~
                          BTNinst
../src/main.c:68:26: note: each undeclared identifier is reported only once for each function it appears in
../src/main.c:74:2: error: 'btn_value' undeclared (first use in this function)
  btn_value= XGpio_DiscreteRead(&BTNInst, 1);
  ^~~~~~~~~
../src/main.c:79:12: warning: statement with no effect [-Wunused-value]
   temp_set - 1;
   ~~~~~~~~~^~~
../src/main.c: In function 'main':
../src/main.c:91:5: error: 'status' undeclared (first use in this function); did you mean 'XStatus'?
     status = XGpio_Initialize(&BTNInst, BTNS_DEVICE_ID);
     ^~~~~~
     XStatus
../src/main.c:91:32: error: 'BTNInst' undeclared (first use in this function); did you mean 'BTNinst'?
     status = XGpio_Initialize(&BTNInst, BTNS_DEVICE_ID);
                                ^~~~~~~
                                BTNinst
At top level:
../src/main.c:65:6: warning: 'BTN_Intr_Handler' defined but not used [-Wunused-function]
 void BTN_Intr_Handler(void *InstancePtr)
      ^~~~~~~~~~~~~~~~
src/subdir.mk:24: recipe for target 'src/main.o' failed
make: *** [src/main.o] Error 1
12:41:44 **** Auto Build of configuration Debug for project project_code ****
make pre-build main-build 
a9-linaro-pre-build-step
 
Building file: ../src/main.c
Invoking: ARM v7 gcc compiler
arm-none-eabi-gcc -Wall -O0 -g3 -c -fmessage-length=0 -MT"src/main.o" -mcpu=cortex-a9 -mfpu=vfpv3 -mfloat-abi=hard -I../../project_code_bsp/ps7_cortexa9_0/include -MMD -MP -MF"src/main.d" -MT"src/main.o" -o "src/main.o" "../src/main.c"
../src/main.c: In function 'BTN_Intr_Handler':
../src/main.c:68:26: error: 'BTNInst' undeclared (first use in this function); did you mean 'BTNinst'?
  XGpio_InterruptDisable(&BTNInst, BTN_INT);
                          ^~~~~~~
                          BTNinst
../src/main.c:68:26: note: each undeclared identifier is reported only once for each function it appears in
../src/main.c:74:2: error: 'btn_value' undeclared (first use in this function)
  btn_value= XGpio_DiscreteRead(&BTNInst, 1);
  ^~~~~~~~~
../src/main.c: In function 'main':
../src/main.c:91:5: error: 'status' undeclared (first use in this function); did you mean 'XStatus'?
     status = XGpio_Initialize(&BTNInst, BTNS_DEVICE_ID);
     ^~~~~~
     XStatus
../src/main.c:91:32: error: 'BTNInst' undeclared (first use in this function); did you mean 'BTNinst'?
     status = XGpio_Initialize(&BTNInst, BTNS_DEVICE_ID);
                                ^~~~~~~
                                BTNinst
At top level:
../src/main.c:65:6: warning: 'BTN_Intr_Handler' defined but not used [-Wunused-function]
 void BTN_Intr_Handler(void *InstancePtr)
src/subdir.mk:24: recipe for target 'src/main.o' failed
      ^~~~~~~~~~~~~~~~
make: *** [src/main.o] Error 1
12:41:53 **** Auto Build of configuration Debug for project project_code ****
make pre-build main-build 
a9-linaro-pre-build-step
 
Building file: ../src/main.c
Invoking: ARM v7 gcc compiler
arm-none-eabi-gcc -Wall -O0 -g3 -c -fmessage-length=0 -MT"src/main.o" -mcpu=cortex-a9 -mfpu=vfpv3 -mfloat-abi=hard -I../../project_code_bsp/ps7_cortexa9_0/include -MMD -MP -MF"src/main.d" -MT"src/main.o" -o "src/main.o" "../src/main.c"
../src/main.c: In function 'BTN_Intr_Handler':
../src/main.c:68:26: error: 'BTNInst' undeclared (first use in this function); did you mean 'BTNinst'?
  XGpio_InterruptDisable(&BTNInst, BTN_INT);
                          ^~~~~~~
                          BTNinst
../src/main.c:68:26: note: each undeclared identifier is reported only once for each function it appears in
../src/main.c:74:2: error: 'btn_value' undeclared (first use in this function)
  btn_value= XGpio_DiscreteRead(&BTNInst, 1);
  ^~~~~~~~~
../src/main.c: In function 'main':
../src/main.c:91:5: error: 'status' undeclared (first use in this function); did you mean 'XStatus'?
     status = XGpio_Initialize(&BTNInst, BTNS_DEVICE_ID);
     ^~~~~~
     XStatus
../src/main.c:91:32: error: 'BTNInst' undeclared (first use in this function); did you mean 'BTNinst'?
     status = XGpio_Initialize(&BTNInst, BTNS_DEVICE_ID);
                                ^~~~~~~
                                BTNinst
At top level:
../src/main.c:65:6: warning: 'BTN_Intr_Handler' defined but not used [-Wunused-function]
 void BTN_Intr_Handler(void *InstancePtr)
      ^~~~~~~~~~~~~~~~
src/subdir.mk:24: recipe for target 'src/main.o' failed
make: *** [src/main.o] Error 1
12:42:09 **** Auto Build of configuration Debug for project project_code ****
make pre-build main-build 
a9-linaro-pre-build-step
 
Building file: ../src/main.c
Invoking: ARM v7 gcc compiler
arm-none-eabi-gcc -Wall -O0 -g3 -c -fmessage-length=0 -MT"src/main.o" -mcpu=cortex-a9 -mfpu=vfpv3 -mfloat-abi=hard -I../../project_code_bsp/ps7_cortexa9_0/include -MMD -MP -MF"src/main.d" -MT"src/main.o" -o "src/main.o" "../src/main.c"
../src/main.c: In function 'BTN_Intr_Handler':
../src/main.c:68:26: error: 'BTNInst' undeclared (first use in this function); did you mean 'BTNinst'?
  XGpio_InterruptDisable(&BTNInst, BTN_INT);
                          ^~~~~~~
                          BTNinst
../src/main.c:68:26: note: each undeclared identifier is reported only once for each function it appears in
../src/main.c: In function 'main':
../src/main.c:91:5: error: 'status' undeclared (first use in this function); did you mean 'XStatus'?
     status = XGpio_Initialize(&BTNInst, BTNS_DEVICE_ID);
     ^~~~~~
     XStatus
../src/main.c:91:32: error: 'BTNInst' undeclared (first use in this function); did you mean 'BTNinst'?
     status = XGpio_Initialize(&BTNInst, BTNS_DEVICE_ID);
                                ^~~~~~~
                                BTNinst
At top level:
../src/main.c:65:6: warning: 'BTN_Intr_Handler' defined but not used [-Wunused-function]
 void BTN_Intr_Handler(void *InstancePtr)
      ^~~~~~~~~~~~~~~~
make: *** [src/main.o] Error 1
src/subdir.mk:24: recipe for target 'src/main.o' failed
12:42:29 **** Auto Build of configuration Debug for project project_code ****
make pre-build main-build 
a9-linaro-pre-build-step
 
Building file: ../src/main.c
Invoking: ARM v7 gcc compiler
arm-none-eabi-gcc -Wall -O0 -g3 -c -fmessage-length=0 -MT"src/main.o" -mcpu=cortex-a9 -mfpu=vfpv3 -mfloat-abi=hard -I../../project_code_bsp/ps7_cortexa9_0/include -MMD -MP -MF"src/main.d" -MT"src/main.o" -o "src/main.o" "../src/main.c"
../src/main.c: In function 'main':
../src/main.c:91:5: error: 'status' undeclared (first use in this function); did you mean 'XStatus'?
     status = XGpio_Initialize(&BTNInst, BTNS_DEVICE_ID);
     ^~~~~~
     XStatus
../src/main.c:91:5: note: each undeclared identifier is reported only once for each function it appears in
At top level:
../src/main.c:65:6: warning: 'BTN_Intr_Handler' defined but not used [-Wunused-function]
 void BTN_Intr_Handler(void *InstancePtr)
      ^~~~~~~~~~~~~~~~
make: *** [src/main.o] Error 1
src/subdir.mk:24: recipe for target 'src/main.o' failed
12:42:47 **** Auto Build of configuration Debug for project project_code ****
make pre-build main-build 
a9-linaro-pre-build-step
 
Building file: ../src/main.c
Invoking: ARM v7 gcc compiler
arm-none-eabi-gcc -Wall -O0 -g3 -c -fmessage-length=0 -MT"src/main.o" -mcpu=cortex-a9 -mfpu=vfpv3 -mfloat-abi=hard -I../../project_code_bsp/ps7_cortexa9_0/include -MMD -MP -MF"src/main.d" -MT"src/main.o" -o "src/main.o" "../src/main.c"
../src/main.c: In function 'main':
../src/main.c:95:5: error: 'status' undeclared (first use in this function); did you mean 'XStatus'?
     status = XGpio_Initialize(&BTNInst, BTNS_DEVICE_ID);
     ^~~~~~
     XStatus
../src/main.c:95:5: note: each undeclared identifier is reported only once for each function it appears in
At top level:
../src/main.c:69:6: warning: 'BTN_Intr_Handler' defined but not used [-Wunused-function]
 void BTN_Intr_Handler(void *InstancePtr)
      ^~~~~~~~~~~~~~~~
src/subdir.mk:24: recipe for target 'src/main.o' failed
make: *** [src/main.o] Error 1
12:43:01 **** Auto Build of configuration Debug for project project_code ****
make pre-build main-build 
a9-linaro-pre-build-step
 
Building file: ../src/main.c
Invoking: ARM v7 gcc compiler
arm-none-eabi-gcc -Wall -O0 -g3 -c -fmessage-length=0 -MT"src/main.o" -mcpu=cortex-a9 -mfpu=vfpv3 -mfloat-abi=hard -I../../project_code_bsp/ps7_cortexa9_0/include -MMD -MP -MF"src/main.d" -MT"src/main.o" -o "src/main.o" "../src/main.c"
../src/main.c:69:6: warning: 'BTN_Intr_Handler' defined but not used [-Wunused-function]
 void BTN_Intr_Handler(void *InstancePtr)
      ^~~~~~~~~~~~~~~~
Finished building: ../src/main.c
 
Building target: project_code.elf
Invoking: ARM v7 gcc linker
arm-none-eabi-gcc -mcpu=cortex-a9 -mfpu=vfpv3 -mfloat-abi=hard -Wl,-build-id=none -specs=Xilinx.spec -Wl,-T -Wl,../src/lscript.ld -L../../project_code_bsp/ps7_cortexa9_0/lib -o "project_code.elf"  ./src/main.o ./src/platform.o   -Wl,--start-group,-lxil,-lgcc,-lc,--end-group
Finished building target: project_code.elf
 
Invoking: ARM v7 Print Size
arm-none-eabi-size project_code.elf  |tee "project_code.elf.size"
   text	   data	    bss	    dec	    hex	filename
  21796	   1160	  22616	  45572	   b204	project_code.elf
Finished building: project_code.elf.size
 
12:44:45 **** Auto Build of configuration Debug for project project_code ****
make pre-build main-build 
a9-linaro-pre-build-step
 
Building file: ../src/main.c
Invoking: ARM v7 gcc compiler
arm-none-eabi-gcc -Wall -O0 -g3 -c -fmessage-length=0 -MT"src/main.o" -mcpu=cortex-a9 -mfpu=vfpv3 -mfloat-abi=hard -I../../project_code_bsp/ps7_cortexa9_0/include -MMD -MP -MF"src/main.d" -MT"src/main.o" -o "src/main.o" "../src/main.c"
../src/main.c:69:6: warning: 'BTN_Intr_Handler' defined but not used [-Wunused-function]
 void BTN_Intr_Handler(void *InstancePtr)
      ^~~~~~~~~~~~~~~~
Finished building: ../src/main.c
 
Building target: project_code.elf
Invoking: ARM v7 gcc linker
arm-none-eabi-gcc -mcpu=cortex-a9 -mfpu=vfpv3 -mfloat-abi=hard -Wl,-build-id=none -specs=Xilinx.spec -Wl,-T -Wl,../src/lscript.ld -L../../project_code_bsp/ps7_cortexa9_0/lib -o "project_code.elf"  ./src/main.o ./src/platform.o   -Wl,--start-group,-lxil,-lgcc,-lc,--end-group
Finished building target: project_code.elf
 
Invoking: ARM v7 Print Size
arm-none-eabi-size project_code.elf  |tee "project_code.elf.size"
   text	   data	    bss	    dec	    hex	filename
  21844	   1160	  22616	  45620	   b234	project_code.elf
Finished building: project_code.elf.size
 
12:45:28 **** Auto Build of configuration Debug for project project_code ****
make pre-build main-build 
a9-linaro-pre-build-step
 
Building file: ../src/main.c
Invoking: ARM v7 gcc compiler
arm-none-eabi-gcc -Wall -O0 -g3 -c -fmessage-length=0 -MT"src/main.o" -mcpu=cortex-a9 -mfpu=vfpv3 -mfloat-abi=hard -I../../project_code_bsp/ps7_cortexa9_0/include -MMD -MP -MF"src/main.d" -MT"src/main.o" -o "src/main.o" "../src/main.c"
../src/main.c: In function 'main':
../src/main.c:104:28: error: 'INTCInst' undeclared (first use in this function); did you mean 'BTNInst'?
  status = XScuGic_Connect(&INTCInst,
                            ^~~~~~~~
                            BTNInst
../src/main.c:104:28: note: each undeclared identifier is reported only once for each function it appears in
../src/main.c:105:9: error: 'INTC_GPIO_INTERRUPT_ID' undeclared (first use in this function); did you mean 'XST_NOT_INTERRUPT'?
         INTC_GPIO_INTERRUPT_ID,
         ^~~~~~~~~~~~~~~~~~~~~~
         XST_NOT_INTERRUPT
../src/main.c:107:17: error: 'GpioInstancePtr' undeclared (first use in this function)
         (void *)GpioInstancePtr);
                 ^~~~~~~~~~~~~~~
make: *** [src/main.o] Error 1
src/subdir.mk:24: recipe for target 'src/main.o' failed
17:38:38 **** Auto Build of project project_code_bsp ****
make -k all 
Running Make include in ps7_cortexa9_0/libsrc/dmaps_v2_3/src
make -C ps7_cortexa9_0/libsrc/dmaps_v2_3/src -s include  "SHELL=/bin/sh" "COMPILER=arm-none-eabi-gcc" "ARCHIVER=arm-none-eabi-ar" "COMPILER_FLAGS=  -O2 -c" "EXTRA_COMPILER_FLAGS=-mcpu=cortex-a9 -mfpu=vfpv3 -mfloat-abi=hard -nostartfiles -g -Wall -Wextra"
Running Make include in ps7_cortexa9_0/libsrc/ddrps_v1_0/src
make -C ps7_cortexa9_0/libsrc/ddrps_v1_0/src -s include  "SHELL=/bin/sh" "COMPILER=arm-none-eabi-gcc" "ARCHIVER=arm-none-eabi-ar" "COMPILER_FLAGS=  -O2 -c" "EXTRA_COMPILER_FLAGS=-mcpu=cortex-a9 -mfpu=vfpv3 -mfloat-abi=hard -nostartfiles -g -Wall -Wextra"
Running Make include in ps7_cortexa9_0/libsrc/PmodOLED_v1_0/src
make -C ps7_cortexa9_0/libsrc/PmodOLED_v1_0/src -s include  "SHELL=/bin/sh" "COMPILER=arm-none-eabi-gcc" "ARCHIVER=arm-none-eabi-ar" "COMPILER_FLAGS=  -O2 -c" "EXTRA_COMPILER_FLAGS=-mcpu=cortex-a9 -mfpu=vfpv3 -mfloat-abi=hard -nostartfiles -g -Wall -Wextra"
Running Make include in ps7_cortexa9_0/libsrc/qspips_v3_4/src
make -C ps7_cortexa9_0/libsrc/qspips_v3_4/src -s include  "SHELL=/bin/sh" "COMPILER=arm-none-eabi-gcc" "ARCHIVER=arm-none-eabi-ar" "COMPILER_FLAGS=  -O2 -c" "EXTRA_COMPILER_FLAGS=-mcpu=cortex-a9 -mfpu=vfpv3 -mfloat-abi=hard -nostartfiles -g -Wall -Wextra"
Running Make include in ps7_cortexa9_0/libsrc/standalone_v6_7/src
make -C ps7_cortexa9_0/libsrc/standalone_v6_7/src -s include  "SHELL=/bin/sh" "COMPILER=arm-none-eabi-gcc" "ARCHIVER=arm-none-eabi-ar" "COMPILER_FLAGS=  -O2 -c" "EXTRA_COMPILER_FLAGS=-mcpu=cortex-a9 -mfpu=vfpv3 -mfloat-abi=hard -nostartfiles -g -Wall -Wextra"
Running Make include in ps7_cortexa9_0/libsrc/gpiops_v3_3/src
make -C ps7_cortexa9_0/libsrc/gpiops_v3_3/src -s include  "SHELL=/bin/sh" "COMPILER=arm-none-eabi-gcc" "ARCHIVER=arm-none-eabi-ar" "COMPILER_FLAGS=  -O2 -c" "EXTRA_COMPILER_FLAGS=-mcpu=cortex-a9 -mfpu=vfpv3 -mfloat-abi=hard -nostartfiles -g -Wall -Wextra"
Running Make include in ps7_cortexa9_0/libsrc/emacps_v3_7/src
make -C ps7_cortexa9_0/libsrc/emacps_v3_7/src -s include  "SHELL=/bin/sh" "COMPILER=arm-none-eabi-gcc" "ARCHIVER=arm-none-eabi-ar" "COMPILER_FLAGS=  -O2 -c" "EXTRA_COMPILER_FLAGS=-mcpu=cortex-a9 -mfpu=vfpv3 -mfloat-abi=hard -nostartfiles -g -Wall -Wextra"
Running Make include in ps7_cortexa9_0/libsrc/devcfg_v3_5/src
make -C ps7_cortexa9_0/libsrc/devcfg_v3_5/src -s include  "SHELL=/bin/sh" "COMPILER=arm-none-eabi-gcc" "ARCHIVER=arm-none-eabi-ar" "COMPILER_FLAGS=  -O2 -c" "EXTRA_COMPILER_FLAGS=-mcpu=cortex-a9 -mfpu=vfpv3 -mfloat-abi=hard -nostartfiles -g -Wall -Wextra"
Running Make include in ps7_cortexa9_0/libsrc/scugic_v3_9/src
make -C ps7_cortexa9_0/libsrc/scugic_v3_9/src -s include  "SHELL=/bin/sh" "COMPILER=arm-none-eabi-gcc" "ARCHIVER=arm-none-eabi-ar" "COMPILER_FLAGS=  -O2 -c" "EXTRA_COMPILER_FLAGS=-mcpu=cortex-a9 -mfpu=vfpv3 -mfloat-abi=hard -nostartfiles -g -Wall -Wextra"
Running Make include in ps7_cortexa9_0/libsrc/uartps_v3_6/src
make -C ps7_cortexa9_0/libsrc/uartps_v3_6/src -s include  "SHELL=/bin/sh" "COMPILER=arm-none-eabi-gcc" "ARCHIVER=arm-none-eabi-ar" "COMPILER_FLAGS=  -O2 -c" "EXTRA_COMPILER_FLAGS=-mcpu=cortex-a9 -mfpu=vfpv3 -mfloat-abi=hard -nostartfiles -g -Wall -Wextra"
Running Make include in ps7_cortexa9_0/libsrc/xadcps_v2_2/src
make -C ps7_cortexa9_0/libsrc/xadcps_v2_2/src -s include  "SHELL=/bin/sh" "COMPILER=arm-none-eabi-gcc" "ARCHIVER=arm-none-eabi-ar" "COMPILER_FLAGS=  -O2 -c" "EXTRA_COMPILER_FLAGS=-mcpu=cortex-a9 -mfpu=vfpv3 -mfloat-abi=hard -nostartfiles -g -Wall -Wextra"
Running Make include in ps7_cortexa9_0/libsrc/PmodBLE_v1_0/src
make -C ps7_cortexa9_0/libsrc/PmodBLE_v1_0/src -s include  "SHELL=/bin/sh" "COMPILER=arm-none-eabi-gcc" "ARCHIVER=arm-none-eabi-ar" "COMPILER_FLAGS=  -O2 -c" "EXTRA_COMPILER_FLAGS=-mcpu=cortex-a9 -mfpu=vfpv3 -mfloat-abi=hard -nostartfiles -g -Wall -Wextra"
Running Make include in ps7_cortexa9_0/libsrc/PmodTMP3_v1_0/src
make -C ps7_cortexa9_0/libsrc/PmodTMP3_v1_0/src -s include  "SHELL=/bin/sh" "COMPILER=arm-none-eabi-gcc" "ARCHIVER=arm-none-eabi-ar" "COMPILER_FLAGS=  -O2 -c" "EXTRA_COMPILER_FLAGS=-mcpu=cortex-a9 -mfpu=vfpv3 -mfloat-abi=hard -nostartfiles -g -Wall -Wextra"
Running Make include in ps7_cortexa9_0/libsrc/cpu_cortexa9_v2_6/src
make -C ps7_cortexa9_0/libsrc/cpu_cortexa9_v2_6/src -s include  "SHELL=/bin/sh" "COMPILER=arm-none-eabi-gcc" "ARCHIVER=arm-none-eabi-ar" "COMPILER_FLAGS=  -O2 -c" "EXTRA_COMPILER_FLAGS=-mcpu=cortex-a9 -mfpu=vfpv3 -mfloat-abi=hard -nostartfiles -g -Wall -Wextra"
Running Make include in ps7_cortexa9_0/libsrc/gpio_v4_3/src
make -C ps7_cortexa9_0/libsrc/gpio_v4_3/src -s include  "SHELL=/bin/sh" "COMPILER=arm-none-eabi-gcc" "ARCHIVER=arm-none-eabi-ar" "COMPILER_FLAGS=  -O2 -c" "EXTRA_COMPILER_FLAGS=-mcpu=cortex-a9 -mfpu=vfpv3 -mfloat-abi=hard -nostartfiles -g -Wall -Wextra"
Running Make include in ps7_cortexa9_0/libsrc/scuwdt_v2_1/src
make -C ps7_cortexa9_0/libsrc/scuwdt_v2_1/src -s include  "SHELL=/bin/sh" "COMPILER=arm-none-eabi-gcc" "ARCHIVER=arm-none-eabi-ar" "COMPILER_FLAGS=  -O2 -c" "EXTRA_COMPILER_FLAGS=-mcpu=cortex-a9 -mfpu=vfpv3 -mfloat-abi=hard -nostartfiles -g -Wall -Wextra"
Running Make include in ps7_cortexa9_0/libsrc/ttcps_v3_6/src
make -C ps7_cortexa9_0/libsrc/ttcps_v3_6/src -s include  "SHELL=/bin/sh" "COMPILER=arm-none-eabi-gcc" "ARCHIVER=arm-none-eabi-ar" "COMPILER_FLAGS=  -O2 -c" "EXTRA_COMPILER_FLAGS=-mcpu=cortex-a9 -mfpu=vfpv3 -mfloat-abi=hard -nostartfiles -g -Wall -Wextra"
Running Make include in ps7_cortexa9_0/libsrc/sdps_v3_5/src
make -C ps7_cortexa9_0/libsrc/sdps_v3_5/src -s include  "SHELL=/bin/sh" "COMPILER=arm-none-eabi-gcc" "ARCHIVER=arm-none-eabi-ar" "COMPILER_FLAGS=  -O2 -c" "EXTRA_COMPILER_FLAGS=-mcpu=cortex-a9 -mfpu=vfpv3 -mfloat-abi=hard -nostartfiles -g -Wall -Wextra"
Running Make include in ps7_cortexa9_0/libsrc/PmodRTCC_v1_0/src
make -C ps7_cortexa9_0/libsrc/PmodRTCC_v1_0/src -s include  "SHELL=/bin/sh" "COMPILER=arm-none-eabi-gcc" "ARCHIVER=arm-none-eabi-ar" "COMPILER_FLAGS=  -O2 -c" "EXTRA_COMPILER_FLAGS=-mcpu=cortex-a9 -mfpu=vfpv3 -mfloat-abi=hard -nostartfiles -g -Wall -Wextra"
Running Make include in ps7_cortexa9_0/libsrc/usbps_v2_4/src
make -C ps7_cortexa9_0/libsrc/usbps_v2_4/src -s include  "SHELL=/bin/sh" "COMPILER=arm-none-eabi-gcc" "ARCHIVER=arm-none-eabi-ar" "COMPILER_FLAGS=  -O2 -c" "EXTRA_COMPILER_FLAGS=-mcpu=cortex-a9 -mfpu=vfpv3 -mfloat-abi=hard -nostartfiles -g -Wall -Wextra"
Running Make include in ps7_cortexa9_0/libsrc/coresightps_dcc_v1_4/src
make -C ps7_cortexa9_0/libsrc/coresightps_dcc_v1_4/src -s include  "SHELL=/bin/sh" "COMPILER=arm-none-eabi-gcc" "ARCHIVER=arm-none-eabi-ar" "COMPILER_FLAGS=  -O2 -c" "EXTRA_COMPILER_FLAGS=-mcpu=cortex-a9 -mfpu=vfpv3 -mfloat-abi=hard -nostartfiles -g -Wall -Wextra"
Running Make include in ps7_cortexa9_0/libsrc/scutimer_v2_1/src
make -C ps7_cortexa9_0/libsrc/scutimer_v2_1/src -s include  "SHELL=/bin/sh" "COMPILER=arm-none-eabi-gcc" "ARCHIVER=arm-none-eabi-ar" "COMPILER_FLAGS=  -O2 -c" "EXTRA_COMPILER_FLAGS=-mcpu=cortex-a9 -mfpu=vfpv3 -mfloat-abi=hard -nostartfiles -g -Wall -Wextra"
Running Make libs in ps7_cortexa9_0/libsrc/dmaps_v2_3/src
make -C ps7_cortexa9_0/libsrc/dmaps_v2_3/src -s libs  "SHELL=/bin/sh" "COMPILER=arm-none-eabi-gcc" "ARCHIVER=arm-none-eabi-ar" "COMPILER_FLAGS=  -O2 -c" "EXTRA_COMPILER_FLAGS=-mcpu=cortex-a9 -mfpu=vfpv3 -mfloat-abi=hard -nostartfiles -g -Wall -Wextra"
Compiling dmaps
Running Make libs in ps7_cortexa9_0/libsrc/ddrps_v1_0/src
make -C ps7_cortexa9_0/libsrc/ddrps_v1_0/src -s libs  "SHELL=/bin/sh" "COMPILER=arm-none-eabi-gcc" "ARCHIVER=arm-none-eabi-ar" "COMPILER_FLAGS=  -O2 -c" "EXTRA_COMPILER_FLAGS=-mcpu=cortex-a9 -mfpu=vfpv3 -mfloat-abi=hard -nostartfiles -g -Wall -Wextra"
Compiling ddrps
Running Make libs in ps7_cortexa9_0/libsrc/PmodOLED_v1_0/src
make -C ps7_cortexa9_0/libsrc/PmodOLED_v1_0/src -s libs  "SHELL=/bin/sh" "COMPILER=arm-none-eabi-gcc" "ARCHIVER=arm-none-eabi-ar" "COMPILER_FLAGS=  -O2 -c" "EXTRA_COMPILER_FLAGS=-mcpu=cortex-a9 -mfpu=vfpv3 -mfloat-abi=hard -nostartfiles -g -Wall -Wextra"
Compiling PmodOLED...
OledDriver.c: In function 'OLED_Update':
OledDriver.c:532:14: warning: unused variable 'icol' [-Wunused-variable]
     int      icol;
              ^~~~
OledGrph.c: In function 'OLED_GetStdPattern':
OledGrph.c:196:23: warning: return discards 'const' qualifier from pointer target type [-Wdiscarded-qualifiers]
     return rgbFillPat + 8*ipat;
            ~~~~~~~~~~~^~~~~~~~
OledGrph.c: In function 'OLED_FillRect':
OledGrph.c:506:9: warning: unused variable 'bTmp' [-Wunused-variable]
     u8  bTmp;
         ^~~~
OledGrph.c: In function 'OLED_GetBmp':
OledGrph.c:612:11: warning: variable 'bTmp' set but not used [-Wunused-but-set-variable]
     u8    bTmp;
           ^~~~
OledGrph.c: In function 'OLED_PutBmp':
OledGrph.c:713:11: warning: unused variable 'bTmp' [-Wunused-variable]
     u8    bTmp;
           ^~~~
OledGrph.c:706:11: warning: unused variable 'bDsp' [-Wunused-variable]
     u8    bDsp;
           ^~~~
OledGrph.c: In function 'OLED_DrawChar':
OledGrph.c:812:11: warning: unused variable 'ib' [-Wunused-variable]
     int   ib;
           ^~
OledGrph.c:811:11: warning: variable 'pbBmp' set but not used [-Wunused-but-set-variable]
     u8   *pbBmp;
           ^~~~~
Running Make libs in ps7_cortexa9_0/libsrc/qspips_v3_4/src
make -C ps7_cortexa9_0/libsrc/qspips_v3_4/src -s libs  "SHELL=/bin/sh" "COMPILER=arm-none-eabi-gcc" "ARCHIVER=arm-none-eabi-ar" "COMPILER_FLAGS=  -O2 -c" "EXTRA_COMPILER_FLAGS=-mcpu=cortex-a9 -mfpu=vfpv3 -mfloat-abi=hard -nostartfiles -g -Wall -Wextra"
Compiling qspips
Running Make libs in ps7_cortexa9_0/libsrc/standalone_v6_7/src
make -C ps7_cortexa9_0/libsrc/standalone_v6_7/src -s libs  "SHELL=/bin/sh" "COMPILER=arm-none-eabi-gcc" "ARCHIVER=arm-none-eabi-ar" "COMPILER_FLAGS=  -O2 -c" "EXTRA_COMPILER_FLAGS=-mcpu=cortex-a9 -mfpu=vfpv3 -mfloat-abi=hard -nostartfiles -g -Wall -Wextra"
Compiling standalone
In file included from xtime_l.c:53:0:
xtime_l.h:89:9: note: #pragma message: For the sleep routines, Global timer is being used
 #pragma message ("For the sleep routines, Global timer is being used")
         ^~~~~~~
In file included from xil_sleeptimer.c:55:0:
xtime_l.h:89:9: note: #pragma message: For the sleep routines, Global timer is being used
 #pragma message ("For the sleep routines, Global timer is being used")
         ^~~~~~~
In file included from sleep.c:57:0:
xtime_l.h:89:9: note: #pragma message: For the sleep routines, Global timer is being used
 #pragma message ("For the sleep routines, Global timer is being used")
         ^~~~~~~
In file included from usleep.c:60:0:
xtime_l.h:89:9: note: #pragma message: For the sleep routines, Global timer is being used
 #pragma message ("For the sleep routines, Global timer is being used")
         ^~~~~~~
Running Make libs in ps7_cortexa9_0/libsrc/gpiops_v3_3/src
make -C ps7_cortexa9_0/libsrc/gpiops_v3_3/src -s libs  "SHELL=/bin/sh" "COMPILER=arm-none-eabi-gcc" "ARCHIVER=arm-none-eabi-ar" "COMPILER_FLAGS=  -O2 -c" "EXTRA_COMPILER_FLAGS=-mcpu=cortex-a9 -mfpu=vfpv3 -mfloat-abi=hard -nostartfiles -g -Wall -Wextra"
Compiling gpiops
Running Make libs in ps7_cortexa9_0/libsrc/emacps_v3_7/src
make -C ps7_cortexa9_0/libsrc/emacps_v3_7/src -s libs  "SHELL=/bin/sh" "COMPILER=arm-none-eabi-gcc" "ARCHIVER=arm-none-eabi-ar" "COMPILER_FLAGS=  -O2 -c" "EXTRA_COMPILER_FLAGS=-mcpu=cortex-a9 -mfpu=vfpv3 -mfloat-abi=hard -nostartfiles -g -Wall -Wextra"
Compiling emacps
Running Make libs in ps7_cortexa9_0/libsrc/devcfg_v3_5/src
make -C ps7_cortexa9_0/libsrc/devcfg_v3_5/src -s libs  "SHELL=/bin/sh" "COMPILER=arm-none-eabi-gcc" "ARCHIVER=arm-none-eabi-ar" "COMPILER_FLAGS=  -O2 -c" "EXTRA_COMPILER_FLAGS=-mcpu=cortex-a9 -mfpu=vfpv3 -mfloat-abi=hard -nostartfiles -g -Wall -Wextra"
Compiling devcfg
Running Make libs in ps7_cortexa9_0/libsrc/scugic_v3_9/src
make -C ps7_cortexa9_0/libsrc/scugic_v3_9/src -s libs  "SHELL=/bin/sh" "COMPILER=arm-none-eabi-gcc" "ARCHIVER=arm-none-eabi-ar" "COMPILER_FLAGS=  -O2 -c" "EXTRA_COMPILER_FLAGS=-mcpu=cortex-a9 -mfpu=vfpv3 -mfloat-abi=hard -nostartfiles -g -Wall -Wextra"
Compiling scugic
Running Make libs in ps7_cortexa9_0/libsrc/uartps_v3_6/src
make -C ps7_cortexa9_0/libsrc/uartps_v3_6/src -s libs  "SHELL=/bin/sh" "COMPILER=arm-none-eabi-gcc" "ARCHIVER=arm-none-eabi-ar" "COMPILER_FLAGS=  -O2 -c" "EXTRA_COMPILER_FLAGS=-mcpu=cortex-a9 -mfpu=vfpv3 -mfloat-abi=hard -nostartfiles -g -Wall -Wextra"
Compiling uartps
Running Make libs in ps7_cortexa9_0/libsrc/xadcps_v2_2/src
make -C ps7_cortexa9_0/libsrc/xadcps_v2_2/src -s libs  "SHELL=/bin/sh" "COMPILER=arm-none-eabi-gcc" "ARCHIVER=arm-none-eabi-ar" "COMPILER_FLAGS=  -O2 -c" "EXTRA_COMPILER_FLAGS=-mcpu=cortex-a9 -mfpu=vfpv3 -mfloat-abi=hard -nostartfiles -g -Wall -Wextra"
Compiling xadcps
Running Make libs in ps7_cortexa9_0/libsrc/PmodBLE_v1_0/src
make -C ps7_cortexa9_0/libsrc/PmodBLE_v1_0/src -s libs  "SHELL=/bin/sh" "COMPILER=arm-none-eabi-gcc" "ARCHIVER=arm-none-eabi-ar" "COMPILER_FLAGS=  -O2 -c" "EXTRA_COMPILER_FLAGS=-mcpu=cortex-a9 -mfpu=vfpv3 -mfloat-abi=hard -nostartfiles -g -Wall -Wextra"
Compiling PmodBLE...
Running Make libs in ps7_cortexa9_0/libsrc/PmodTMP3_v1_0/src
make -C ps7_cortexa9_0/libsrc/PmodTMP3_v1_0/src -s libs  "SHELL=/bin/sh" "COMPILER=arm-none-eabi-gcc" "ARCHIVER=arm-none-eabi-ar" "COMPILER_FLAGS=  -O2 -c" "EXTRA_COMPILER_FLAGS=-mcpu=cortex-a9 -mfpu=vfpv3 -mfloat-abi=hard -nostartfiles -g -Wall -Wextra"
Compiling PmodTMP3...
In file included from xiic.h:324:0,
                 from PmodTMP3.h:29,
                 from PmodTMP3.c:26:
PmodTMP3.c: In function 'TMP3_IICInit':
xiic_l.h:299:13: warning: passing argument 1 of 'Xil_Out32' makes integer from pointer without a cast [-Wint-conversion]
  XIic_Out32((BaseAddress) + (RegOffset), (RegisterValue))
             ^
xiic_l.h:316:2: note: in expansion of macro 'XIic_WriteReg'
  XIic_WriteReg((BaseAddress), XIIC_DGIER_OFFSET, 0)
  ^~~~~~~~~~~~~
PmodTMP3.c:115:4: note: in expansion of macro 'XIic_IntrGlobalDisable'
    XIic_IntrGlobalDisable(IicInstancePtr);
    ^~~~~~~~~~~~~~~~~~~~~~
In file included from xiic_l.h:97:0,
                 from xiic.h:324,
                 from PmodTMP3.h:29,
                 from PmodTMP3.c:26:
../../../include/xil_io.h:223:20: note: expected 'UINTPTR {aka unsigned int}' but argument is of type 'XIic * {aka struct <anonymous> *}'
 static INLINE void Xil_Out32(UINTPTR Addr, u32 Value)
                    ^~~~~~~~~
Running Make libs in ps7_cortexa9_0/libsrc/cpu_cortexa9_v2_6/src
make -C ps7_cortexa9_0/libsrc/cpu_cortexa9_v2_6/src -s libs  "SHELL=/bin/sh" "COMPILER=arm-none-eabi-gcc" "ARCHIVER=arm-none-eabi-ar" "COMPILER_FLAGS=  -O2 -c" "EXTRA_COMPILER_FLAGS=-mcpu=cortex-a9 -mfpu=vfpv3 -mfloat-abi=hard -nostartfiles -g -Wall -Wextra"
Compiling cpu_cortexa9
Running Make libs in ps7_cortexa9_0/libsrc/gpio_v4_3/src
make -C ps7_cortexa9_0/libsrc/gpio_v4_3/src -s libs  "SHELL=/bin/sh" "COMPILER=arm-none-eabi-gcc" "ARCHIVER=arm-none-eabi-ar" "COMPILER_FLAGS=  -O2 -c" "EXTRA_COMPILER_FLAGS=-mcpu=cortex-a9 -mfpu=vfpv3 -mfloat-abi=hard -nostartfiles -g -Wall -Wextra"
Compiling gpio
Running Make libs in ps7_cortexa9_0/libsrc/scuwdt_v2_1/src
make -C ps7_cortexa9_0/libsrc/scuwdt_v2_1/src -s libs  "SHELL=/bin/sh" "COMPILER=arm-none-eabi-gcc" "ARCHIVER=arm-none-eabi-ar" "COMPILER_FLAGS=  -O2 -c" "EXTRA_COMPILER_FLAGS=-mcpu=cortex-a9 -mfpu=vfpv3 -mfloat-abi=hard -nostartfiles -g -Wall -Wextra"
Compiling scuwdt
Running Make libs in ps7_cortexa9_0/libsrc/ttcps_v3_6/src
make -C ps7_cortexa9_0/libsrc/ttcps_v3_6/src -s libs  "SHELL=/bin/sh" "COMPILER=arm-none-eabi-gcc" "ARCHIVER=arm-none-eabi-ar" "COMPILER_FLAGS=  -O2 -c" "EXTRA_COMPILER_FLAGS=-mcpu=cortex-a9 -mfpu=vfpv3 -mfloat-abi=hard -nostartfiles -g -Wall -Wextra"
Compiling ttcps
Running Make libs in ps7_cortexa9_0/libsrc/sdps_v3_5/src
make -C ps7_cortexa9_0/libsrc/sdps_v3_5/src -s libs  "SHELL=/bin/sh" "COMPILER=arm-none-eabi-gcc" "ARCHIVER=arm-none-eabi-ar" "COMPILER_FLAGS=  -O2 -c" "EXTRA_COMPILER_FLAGS=-mcpu=cortex-a9 -mfpu=vfpv3 -mfloat-abi=hard -nostartfiles -g -Wall -Wextra"
Compiling sdps
Running Make libs in ps7_cortexa9_0/libsrc/PmodRTCC_v1_0/src
make -C ps7_cortexa9_0/libsrc/PmodRTCC_v1_0/src -s libs  "SHELL=/bin/sh" "COMPILER=arm-none-eabi-gcc" "ARCHIVER=arm-none-eabi-ar" "COMPILER_FLAGS=  -O2 -c" "EXTRA_COMPILER_FLAGS=-mcpu=cortex-a9 -mfpu=vfpv3 -mfloat-abi=hard -nostartfiles -g -Wall -Wextra"
Compiling PmodRTCC...
In file included from xiic.h:324:0,
                 from PmodRTCC.h:30,
                 from PmodRTCC.c:25:
PmodRTCC.c: In function 'RTCC_IICInit':
xiic_l.h:299:13: warning: passing argument 1 of 'Xil_Out32' makes integer from pointer without a cast [-Wint-conversion]
  XIic_Out32((BaseAddress) + (RegOffset), (RegisterValue))
             ^
xiic_l.h:316:2: note: in expansion of macro 'XIic_WriteReg'
  XIic_WriteReg((BaseAddress), XIIC_DGIER_OFFSET, 0)
  ^~~~~~~~~~~~~
PmodRTCC.c:97:4: note: in expansion of macro 'XIic_IntrGlobalDisable'
    XIic_IntrGlobalDisable(IicInstancePtr);
    ^~~~~~~~~~~~~~~~~~~~~~
In file included from xiic_l.h:97:0,
                 from xiic.h:324,
                 from PmodRTCC.h:30,
                 from PmodRTCC.c:25:
../../../include/xil_io.h:223:20: note: expected 'UINTPTR {aka unsigned int}' but argument is of type 'XIic * {aka struct <anonymous> *}'
 static INLINE void Xil_Out32(UINTPTR Addr, u32 Value)
                    ^~~~~~~~~
Running Make libs in ps7_cortexa9_0/libsrc/usbps_v2_4/src
make -C ps7_cortexa9_0/libsrc/usbps_v2_4/src -s libs  "SHELL=/bin/sh" "COMPILER=arm-none-eabi-gcc" "ARCHIVER=arm-none-eabi-ar" "COMPILER_FLAGS=  -O2 -c" "EXTRA_COMPILER_FLAGS=-mcpu=cortex-a9 -mfpu=vfpv3 -mfloat-abi=hard -nostartfiles -g -Wall -Wextra"
Compiling usbps
Running Make libs in ps7_cortexa9_0/libsrc/coresightps_dcc_v1_4/src
make -C ps7_cortexa9_0/libsrc/coresightps_dcc_v1_4/src -s libs  "SHELL=/bin/sh" "COMPILER=arm-none-eabi-gcc" "ARCHIVER=arm-none-eabi-ar" "COMPILER_FLAGS=  -O2 -c" "EXTRA_COMPILER_FLAGS=-mcpu=cortex-a9 -mfpu=vfpv3 -mfloat-abi=hard -nostartfiles -g -Wall -Wextra"
Compiling coresightps_dcc
Running Make libs in ps7_cortexa9_0/libsrc/scutimer_v2_1/src
make -C ps7_cortexa9_0/libsrc/scutimer_v2_1/src -s libs  "SHELL=/bin/sh" "COMPILER=arm-none-eabi-gcc" "ARCHIVER=arm-none-eabi-ar" "COMPILER_FLAGS=  -O2 -c" "EXTRA_COMPILER_FLAGS=-mcpu=cortex-a9 -mfpu=vfpv3 -mfloat-abi=hard -nostartfiles -g -Wall -Wextra"
Compiling scutimer
Finished building libraries
17:38:48 **** Clean-only build of configuration Debug for project project_code ****
make clean 
make: *** No rule to make target 'clean'.  Stop.
17:38:49 **** Auto Build of configuration Debug for project project_code ****
make pre-build main-build 
a9-linaro-pre-build-step
 
Building file: ../src/main.c
Invoking: ARM v7 gcc compiler
arm-none-eabi-gcc -Wall -O0 -g3 -c -fmessage-length=0 -MT"src/main.o" -mcpu=cortex-a9 -mfpu=vfpv3 -mfloat-abi=hard -I../../project_code_bsp/ps7_cortexa9_0/include -MMD -MP -MF"src/main.d" -MT"src/main.o" -o "src/main.o" "../src/main.c"
../src/main.c: In function 'main':
../src/main.c:104:28: error: 'INTCInst' undeclared (first use in this function); did you mean 'BTNInst'?
  status = XScuGic_Connect(&INTCInst,
                            ^~~~~~~~
                            BTNInst
../src/main.c:104:28: note: each undeclared identifier is reported only once for each function it appears in
../src/main.c:105:9: error: 'INTC_GPIO_INTERRUPT_ID' undeclared (first use in this function); did you mean 'XST_NOT_INTERRUPT'?
         INTC_GPIO_INTERRUPT_ID,
         ^~~~~~~~~~~~~~~~~~~~~~
         XST_NOT_INTERRUPT
../src/main.c:107:17: error: 'GpioInstancePtr' undeclared (first use in this function)
         (void *)GpioInstancePtr);
                 ^~~~~~~~~~~~~~~
src/subdir.mk:24: recipe for target 'src/main.o' failed
make: *** [src/main.o] Error 1
17:40:02 **** Clean-only build of configuration Debug for project project_code ****
make clean 
rm -rf  ./src/main.o ./src/platform.o  ./src/main.d ./src/platform.d  project_code.elf.size  project_code.elf
 
17:40:02 **** Auto Build of configuration Debug for project project_code ****
make pre-build main-build 
a9-linaro-pre-build-step
 
Building file: ../src/main.c
Invoking: ARM v7 gcc compiler
arm-none-eabi-gcc -Wall -O0 -g3 -c -fmessage-length=0 -MT"src/main.o" -mcpu=cortex-a9 -mfpu=vfpv3 -mfloat-abi=hard -I../../project_code_bsp/ps7_cortexa9_0/include -MMD -MP -MF"src/main.d" -MT"src/main.o" -o "src/main.o" "../src/main.c"
../src/main.c: In function 'main':
../src/main.c:112:28: error: 'INTCInst' undeclared (first use in this function); did you mean 'BTNInst'?
  status = XScuGic_Connect(&INTCInst,
                            ^~~~~~~~
                            BTNInst
../src/main.c:112:28: note: each undeclared identifier is reported only once for each function it appears in
../src/main.c:113:9: error: 'INTC_GPIO_INTERRUPT_ID' undeclared (first use in this function); did you mean 'XST_NOT_INTERRUPT'?
         INTC_GPIO_INTERRUPT_ID,
         ^~~~~~~~~~~~~~~~~~~~~~
         XST_NOT_INTERRUPT
../src/main.c:115:17: error: 'GpioInstancePtr' undeclared (first use in this function)
         (void *)GpioInstancePtr);
                 ^~~~~~~~~~~~~~~
src/subdir.mk:24: recipe for target 'src/main.o' failed
make: *** [src/main.o] Error 1
17:40:13 **** Auto Build of configuration Debug for project project_code ****
make pre-build main-build 
a9-linaro-pre-build-step
 
Building file: ../src/main.c
Invoking: ARM v7 gcc compiler
arm-none-eabi-gcc -Wall -O0 -g3 -c -fmessage-length=0 -MT"src/main.o" -mcpu=cortex-a9 -mfpu=vfpv3 -mfloat-abi=hard -I../../project_code_bsp/ps7_cortexa9_0/include -MMD -MP -MF"src/main.d" -MT"src/main.o" -o "src/main.o" "../src/main.c"
../src/main.c: In function 'main':
../src/main.c:113:28: error: 'INTCInst' undeclared (first use in this function); did you mean 'BTNInst'?
  status = XScuGic_Connect(&INTCInst,
                            ^~~~~~~~
                            BTNInst
../src/main.c:113:28: note: each undeclared identifier is reported only once for each function it appears in
../src/main.c:114:9: error: 'INTC_GPIO_INTERRUPT_ID' undeclared (first use in this function); did you mean 'XST_NOT_INTERRUPT'?
         INTC_GPIO_INTERRUPT_ID,
         ^~~~~~~~~~~~~~~~~~~~~~
         XST_NOT_INTERRUPT
../src/main.c:116:17: error: 'GpioInstancePtr' undeclared (first use in this function)
         (void *)GpioInstancePtr);
                 ^~~~~~~~~~~~~~~
src/subdir.mk:24: recipe for target 'src/main.o' failed
make: *** [src/main.o] Error 1
17:40:16 **** Auto Build of configuration Debug for project project_code ****
make pre-build main-build 
a9-linaro-pre-build-step
 
Building file: ../src/main.c
Invoking: ARM v7 gcc compiler
arm-none-eabi-gcc -Wall -O0 -g3 -c -fmessage-length=0 -MT"src/main.o" -mcpu=cortex-a9 -mfpu=vfpv3 -mfloat-abi=hard -I../../project_code_bsp/ps7_cortexa9_0/include -MMD -MP -MF"src/main.d" -MT"src/main.o" -o "src/main.o" "../src/main.c"
[...]
At top level:
../src/main.c:375:6: warning: 'BTN_Intr_Handler' defined but not used [-Wunused-function]
 void BTN_Intr_Handler(void *InstancePtr)
      ^~~~~~~~~~~~~~~~
../src/main.c:106:12: warning: 'temp_current' defined but not used [-Wunused-variable]
 static int temp_current;
            ^~~~~~~~~~~~
make: *** [src/main.o] Error 1
18:06:47 **** Auto Build of configuration Debug for project project_code ****
make pre-build main-build 
a9-linaro-pre-build-step
 
Building file: ../src/main.c
Invoking: ARM v7 gcc compiler
arm-none-eabi-gcc -Wall -O0 -g3 -c -fmessage-length=0 -MT"src/main.o" -mcpu=cortex-a9 -mfpu=vfpv3 -mfloat-abi=hard -I../../project_code_bsp/ps7_cortexa9_0/include -MMD -MP -MF"src/main.d" -MT"src/main.o" -o "src/main.o" "../src/main.c"
../src/main.c:85:1: error: unknown type name 'RTCC_Time'; did you mean 'RTCC_AMPM'?
 RTCC_Time GetTime(PmodRTCC *InstancePtr, RTCC_Target src);
 ^~~~~~~~~
 RTCC_AMPM
../src/main.c:86:1: error: unknown type name 'RTCC_Time'; did you mean 'RTCC_AMPM'?
 RTCC_Time IncrementTime(RTCC_Time time, int delta_seconds);
 ^~~~~~~~~
 RTCC_AMPM
../src/main.c:86:25: error: unknown type name 'RTCC_Time'; did you mean 'RTCC_AMPM'?
 RTCC_Time IncrementTime(RTCC_Time time, int delta_seconds);
                         ^~~~~~~~~
                         RTCC_AMPM
../src/main.c:87:55: error: unknown type name 'RTCC_Time'; did you mean 'RTCC_AMPM'?
 void SetTime(PmodRTCC *InstancePtr, RTCC_Target dest, RTCC_Time val);
                                                       ^~~~~~~~~
                                                       RTCC_AMPM
In file included from ../../project_code_bsp/ps7_cortexa9_0/include/xgpio.h:135:0,
                 from ../src/main.c:52:
../src/main.c: In function 'init_btn':
../../project_code_bsp/ps7_cortexa9_0/include/xstatus.h:65:41: warning: 'return' with a value, in function returning void
 #define XST_FAILURE                     1L
                                         ^
../src/main.c:137:35: note: in expansion of macro 'XST_FAILURE'
  if(status != XST_SUCCESS) return XST_FAILURE;
                                   ^~~~~~~~~~~
../src/main.c:134:6: note: declared here
 void init_btn() {
      ^~~~~~~~
../src/main.c: In function 'init_rtcc':
../src/main.c:155:4: warning: implicit declaration of function 'EnableCaches' [-Wimplicit-function-declaration]
    EnableCaches();
    ^~~~~~~~~~~~
../src/main.c:181:11: warning: implicit declaration of function 'IncrementTime'; did you mean 'PrintTime'? [-Wimplicit-function-declaration]
    time = IncrementTime(time, 0); // TEST
           ^~~~~~~~~~~~~
           PrintTime
../src/main.c:181:9: error: incompatible types when assigning to type 'RTCC_Time {aka struct RTCC_Time}' from type 'int'
    time = IncrementTime(time, 0); // TEST
         ^
../src/main.c:182:4: warning: implicit declaration of function 'SetTime'; did you mean 'GetTime'? [-Wimplicit-function-declaration]
    SetTime(&rtcc, RTCC_TARGET_RTCC, time);
    ^~~~~~~
    GetTime
../src/main.c:189:9: error: incompatible types when assigning to type 'RTCC_Time {aka struct RTCC_Time}' from type 'int'
    time = GetTime(&rtcc, RTCC_TARGET_RTCC);
         ^
../src/main.c:193:9: error: incompatible types when assigning to type 'RTCC_Time {aka struct RTCC_Time}' from type 'int'
    time = IncrementTime(time, 30);
         ^
../src/main.c:197:9: error: incompatible types when assigning to type 'RTCC_Time {aka struct RTCC_Time}' from type 'int'
    time = IncrementTime(time, 30);
         ^
../src/main.c: At top level:
../src/main.c:247:11: error: conflicting types for 'GetTime'
 RTCC_Time GetTime(PmodRTCC *InstancePtr, RTCC_Target src) {
           ^~~~~~~
../src/main.c:85:11: note: previous declaration of 'GetTime' was here
 RTCC_Time GetTime(PmodRTCC *InstancePtr, RTCC_Target src);
           ^~~~~~~
../src/main.c:289:6: warning: conflicting types for 'SetTime'
 void SetTime(PmodRTCC *InstancePtr, RTCC_Target dest, RTCC_Time val) {
      ^~~~~~~
../src/main.c:182:4: note: previous implicit declaration of 'SetTime' was here
    SetTime(&rtcc, RTCC_TARGET_RTCC, time);
    ^~~~~~~
../src/main.c: In function 'SetTime':
../src/main.c:291:20: error: 'myDevice' undeclared (first use in this function)
       RTCC_setSec(&myDevice, dest, val.second);
                    ^~~~~~~~
../src/main.c:291:20: note: each undeclared identifier is reported only once for each function it appears in
../src/main.c: In function 'PrintTime':
../src/main.c:315:20: error: 'myDevice' undeclared (first use in this function)
    time = GetTime(&myDevice, src);
                    ^~~~~~~~
../src/main.c: At top level:
../src/main.c:356:11: error: conflicting types for 'IncrementTime'
 RTCC_Time IncrementTime(RTCC_Time time, int delta_seconds) {
           ^~~~~~~~~~~~~
../src/main.c:181:11: note: previous implicit declaration of 'IncrementTime' was here
    time = IncrementTime(time, 0); // TEST
           ^~~~~~~~~~~~~
../src/main.c:427:6: warning: conflicting types for 'EnableCaches'
 void EnableCaches() {
      ^~~~~~~~~~~~
../src/main.c:155:4: note: previous implicit declaration of 'EnableCaches' was here
    EnableCaches();
    ^~~~~~~~~~~~
../src/main.c: In function 'InitializeThermostat':
../src/main.c:457:4: error: too few arguments to function 'init_rtcc'
    init_rtcc();
    ^~~~~~~~~
../src/main.c:152:6: note: declared here
 void init_rtcc(u8 mode) {
      ^~~~~~~~~
../src/main.c: In function 'RunThermostat':
../src/main.c:606:30: error: 'myDevice' undeclared (first use in this function)
          if (RTCC_checkFlag(&myDevice, RTCC_TARGET_ALM0)) {
                              ^~~~~~~~
At top level:
../src/main.c:398:6: warning: 'BTN_Intr_Handler' defined but not used [-Wunused-function]
 void BTN_Intr_Handler(void *InstancePtr)
      ^~~~~~~~~~~~~~~~
../src/main.c:129:12: warning: 'temp_current' defined but not used [-Wunused-variable]
 static int temp_current;
            ^~~~~~~~~~~~
src/subdir.mk:24: recipe for target 'src/main.o' failed
make: *** [src/main.o] Error 1
18:06:49 **** Auto Build of configuration Debug for project project_code ****
make pre-build main-build 
a9-linaro-pre-build-step
 
Building file: ../src/main.c
Invoking: ARM v7 gcc compiler
arm-none-eabi-gcc -Wall -O0 -g3 -c -fmessage-length=0 -MT"src/main.o" -mcpu=cortex-a9 -mfpu=vfpv3 -mfloat-abi=hard -I../../project_code_bsp/ps7_cortexa9_0/include -MMD -MP -MF"src/main.d" -MT"src/main.o" -o "src/main.o" "../src/main.c"
../src/main.c:85:1: error: unknown type name 'RTCC_Time'; did you mean 'RTCC_AMPM'?
 RTCC_Time GetTime(PmodRTCC *InstancePtr, RTCC_Target src);
 ^~~~~~~~~
 RTCC_AMPM
../src/main.c:86:1: error: unknown type name 'RTCC_Time'; did you mean 'RTCC_AMPM'?
 RTCC_Time IncrementTime(RTCC_Time time, int delta_seconds);
 ^~~~~~~~~
 RTCC_AMPM
../src/main.c:86:25: error: unknown type name 'RTCC_Time'; did you mean 'RTCC_AMPM'?
 RTCC_Time IncrementTime(RTCC_Time time, int delta_seconds);
                         ^~~~~~~~~
                         RTCC_AMPM
../src/main.c:87:55: error: unknown type name 'RTCC_Time'; did you mean 'RTCC_AMPM'?
 void SetTime(PmodRTCC *InstancePtr, RTCC_Target dest, RTCC_Time val);
                                                       ^~~~~~~~~
                                                       RTCC_AMPM
In file included from ../../project_code_bsp/ps7_cortexa9_0/include/xgpio.h:135:0,
                 from ../src/main.c:52:
../src/main.c: In function 'init_btn':
../../project_code_bsp/ps7_cortexa9_0/include/xstatus.h:65:41: warning: 'return' with a value, in function returning void
 #define XST_FAILURE                     1L
                                         ^
../src/main.c:138:35: note: in expansion of macro 'XST_FAILURE'
  if(status != XST_SUCCESS) return XST_FAILURE;
                                   ^~~~~~~~~~~
../src/main.c:135:6: note: declared here
 void init_btn() {
      ^~~~~~~~
../src/main.c: In function 'init_rtcc':
../src/main.c:156:4: warning: implicit declaration of function 'EnableCaches' [-Wimplicit-function-declaration]
    EnableCaches();
    ^~~~~~~~~~~~
../src/main.c:182:11: warning: implicit declaration of function 'IncrementTime'; did you mean 'PrintTime'? [-Wimplicit-function-declaration]
    time = IncrementTime(time, 0); // TEST
           ^~~~~~~~~~~~~
           PrintTime
../src/main.c:182:9: error: incompatible types when assigning to type 'RTCC_Time {aka struct RTCC_Time}' from type 'int'
    time = IncrementTime(time, 0); // TEST
         ^
../src/main.c:183:4: warning: implicit declaration of function 'SetTime'; did you mean 'GetTime'? [-Wimplicit-function-declaration]
    SetTime(&rtcc, RTCC_TARGET_RTCC, time);
    ^~~~~~~
    GetTime
../src/main.c:190:9: error: incompatible types when assigning to type 'RTCC_Time {aka struct RTCC_Time}' from type 'int'
    time = GetTime(&rtcc, RTCC_TARGET_RTCC);
         ^
../src/main.c:194:9: error: incompatible types when assigning to type 'RTCC_Time {aka struct RTCC_Time}' from type 'int'
    time = IncrementTime(time, 30);
         ^
../src/main.c:198:9: error: incompatible types when assigning to type 'RTCC_Time {aka struct RTCC_Time}' from type 'int'
    time = IncrementTime(time, 30);
         ^
../src/main.c: At top level:
../src/main.c:248:11: error: conflicting types for 'GetTime'
 RTCC_Time GetTime(PmodRTCC *InstancePtr, RTCC_Target src) {
           ^~~~~~~
../src/main.c:85:11: note: previous declaration of 'GetTime' was here
 RTCC_Time GetTime(PmodRTCC *InstancePtr, RTCC_Target src);
           ^~~~~~~
../src/main.c:290:6: warning: conflicting types for 'SetTime'
 void SetTime(PmodRTCC *InstancePtr, RTCC_Target dest, RTCC_Time val) {
      ^~~~~~~
../src/main.c:183:4: note: previous implicit declaration of 'SetTime' was here
    SetTime(&rtcc, RTCC_TARGET_RTCC, time);
    ^~~~~~~
../src/main.c: In function 'SetTime':
../src/main.c:292:20: error: 'myDevice' undeclared (first use in this function)
       RTCC_setSec(&myDevice, dest, val.second);
                    ^~~~~~~~
../src/main.c:292:20: note: each undeclared identifier is reported only once for each function it appears in
../src/main.c: In function 'PrintTime':
../src/main.c:316:20: error: 'myDevice' undeclared (first use in this function)
    time = GetTime(&myDevice, src);
                    ^~~~~~~~
../src/main.c: At top level:
../src/main.c:357:11: error: conflicting types for 'IncrementTime'
 RTCC_Time IncrementTime(RTCC_Time time, int delta_seconds) {
           ^~~~~~~~~~~~~
../src/main.c:182:11: note: previous implicit declaration of 'IncrementTime' was here
    time = IncrementTime(time, 0); // TEST
           ^~~~~~~~~~~~~
../src/main.c:428:6: warning: conflicting types for 'EnableCaches'
 void EnableCaches() {
      ^~~~~~~~~~~~
../src/main.c:156:4: note: previous implicit declaration of 'EnableCaches' was here
    EnableCaches();
    ^~~~~~~~~~~~
../src/main.c: In function 'InitializeThermostat':
../src/main.c:458:4: error: too few arguments to function 'init_rtcc'
    init_rtcc();
    ^~~~~~~~~
../src/main.c:153:6: note: declared here
 void init_rtcc(u8 mode) {
      ^~~~~~~~~
../src/main.c: In function 'RunThermostat':
../src/main.c:607:30: error: 'myDevice' undeclared (first use in this function)
          if (RTCC_checkFlag(&myDevice, RTCC_TARGET_ALM0)) {
                              ^~~~~~~~
At top level:
../src/main.c:399:6: warning: 'BTN_Intr_Handler' defined but not used [-Wunused-function]
 void BTN_Intr_Handler(void *InstancePtr)
      ^~~~~~~~~~~~~~~~
../src/main.c:130:12: warning: 'temp_current' defined but not used [-Wunused-variable]
 static int temp_current;
            ^~~~~~~~~~~~
make: *** [src/main.o] Error 1
src/subdir.mk:24: recipe for target 'src/main.o' failed
18:06:54 **** Auto Build of configuration Debug for project project_code ****
make pre-build main-build 
a9-linaro-pre-build-step
 
Building file: ../src/main.c
Invoking: ARM v7 gcc compiler
arm-none-eabi-gcc -Wall -O0 -g3 -c -fmessage-length=0 -MT"src/main.o" -mcpu=cortex-a9 -mfpu=vfpv3 -mfloat-abi=hard -I../../project_code_bsp/ps7_cortexa9_0/include -MMD -MP -MF"src/main.d" -MT"src/main.o" -o "src/main.o" "../src/main.c"
In file included from ../../project_code_bsp/ps7_cortexa9_0/include/xgpio.h:135:0,
                 from ../src/main.c:52:
../src/main.c: In function 'init_btn':
../../project_code_bsp/ps7_cortexa9_0/include/xstatus.h:65:41: warning: 'return' with a value, in function returning void
 #define XST_FAILURE                     1L
                                         ^
../src/main.c:140:35: note: in expansion of macro 'XST_FAILURE'
  if(status != XST_SUCCESS) return XST_FAILURE;
                                   ^~~~~~~~~~~
../src/main.c:137:6: note: declared here
 void init_btn() {
      ^~~~~~~~
../src/main.c: In function 'init_rtcc':
../src/main.c:158:4: warning: implicit declaration of function 'EnableCaches' [-Wimplicit-function-declaration]
    EnableCaches();
    ^~~~~~~~~~~~
../src/main.c: In function 'SetTime':
../src/main.c:294:20: error: 'myDevice' undeclared (first use in this function)
       RTCC_setSec(&myDevice, dest, val.second);
                    ^~~~~~~~
../src/main.c:294:20: note: each undeclared identifier is reported only once for each function it appears in
../src/main.c: In function 'PrintTime':
../src/main.c:318:20: error: 'myDevice' undeclared (first use in this function)
    time = GetTime(&myDevice, src);
                    ^~~~~~~~
../src/main.c: At top level:
../src/main.c:430:6: warning: conflicting types for 'EnableCaches'
 void EnableCaches() {
      ^~~~~~~~~~~~
../src/main.c:158:4: note: previous implicit declaration of 'EnableCaches' was here
    EnableCaches();
    ^~~~~~~~~~~~
../src/main.c: In function 'InitializeThermostat':
../src/main.c:460:4: error: too few arguments to function 'init_rtcc'
    init_rtcc();
    ^~~~~~~~~
../src/main.c:155:6: note: declared here
 void init_rtcc(u8 mode) {
      ^~~~~~~~~
../src/main.c: In function 'RunThermostat':
../src/main.c:609:30: error: 'myDevice' undeclared (first use in this function)
          if (RTCC_checkFlag(&myDevice, RTCC_TARGET_ALM0)) {
                              ^~~~~~~~
At top level:
../src/main.c:401:6: warning: 'BTN_Intr_Handler' defined but not used [-Wunused-function]
 void BTN_Intr_Handler(void *InstancePtr)
      ^~~~~~~~~~~~~~~~
../src/main.c:132:12: warning: 'temp_current' defined but not used [-Wunused-variable]
 static int temp_current;
            ^~~~~~~~~~~~
src/subdir.mk:24: recipe for target 'src/main.o' failed
make: *** [src/main.o] Error 1
18:07:07 **** Auto Build of configuration Debug for project project_code ****
make pre-build main-build 
a9-linaro-pre-build-step
 
Building file: ../src/main.c
Invoking: ARM v7 gcc compiler
arm-none-eabi-gcc -Wall -O0 -g3 -c -fmessage-length=0 -MT"src/main.o" -mcpu=cortex-a9 -mfpu=vfpv3 -mfloat-abi=hard -I../../project_code_bsp/ps7_cortexa9_0/include -MMD -MP -MF"src/main.d" -MT"src/main.o" -o "src/main.o" "../src/main.c"
In file included from ../../project_code_bsp/ps7_cortexa9_0/include/xgpio.h:135:0,
                 from ../src/main.c:52:
../src/main.c: In function 'init_btn':
../../project_code_bsp/ps7_cortexa9_0/include/xstatus.h:65:41: warning: 'return' with a value, in function returning void
 #define XST_FAILURE                     1L
                                         ^
../src/main.c:140:35: note: in expansion of macro 'XST_FAILURE'
  if(status != XST_SUCCESS) return XST_FAILURE;
                                   ^~~~~~~~~~~
../src/main.c:137:6: note: declared here
 void init_btn() {
      ^~~~~~~~
../src/main.c: In function 'init_rtcc':
../src/main.c:158:4: warning: implicit declaration of function 'EnableCaches' [-Wimplicit-function-declaration]
    EnableCaches();
    ^~~~~~~~~~~~
../src/main.c: In function 'SetTime':
../src/main.c:297:17: error: 'myDevice' undeclared (first use in this function)
    RTCC_setMin(&myDevice, dest, val.minute);
                 ^~~~~~~~
../src/main.c:297:17: note: each undeclared identifier is reported only once for each function it appears in
../src/main.c: In function 'PrintTime':
../src/main.c:318:20: error: 'myDevice' undeclared (first use in this function)
    time = GetTime(&myDevice, src);
                    ^~~~~~~~
../src/main.c: At top level:
../src/main.c:430:6: warning: conflicting types for 'EnableCaches'
 void EnableCaches() {
      ^~~~~~~~~~~~
../src/main.c:158:4: note: previous implicit declaration of 'EnableCaches' was here
    EnableCaches();
    ^~~~~~~~~~~~
../src/main.c: In function 'InitializeThermostat':
../src/main.c:460:4: error: too few arguments to function 'init_rtcc'
    init_rtcc();
    ^~~~~~~~~
../src/main.c:155:6: note: declared here
 void init_rtcc(u8 mode) {
      ^~~~~~~~~
../src/main.c: In function 'RunThermostat':
../src/main.c:609:30: error: 'myDevice' undeclared (first use in this function)
          if (RTCC_checkFlag(&myDevice, RTCC_TARGET_ALM0)) {
                              ^~~~~~~~
At top level:
../src/main.c:401:6: warning: 'BTN_Intr_Handler' defined but not used [-Wunused-function]
 void BTN_Intr_Handler(void *InstancePtr)
      ^~~~~~~~~~~~~~~~
../src/main.c:132:12: warning: 'temp_current' defined but not used [-Wunused-variable]
 static int temp_current;
            ^~~~~~~~~~~~
make: *** [src/main.o] Error 1
src/subdir.mk:24: recipe for target 'src/main.o' failed
18:07:16 **** Auto Build of configuration Debug for project project_code ****
make pre-build main-build 
a9-linaro-pre-build-step
 
Building file: ../src/main.c
Invoking: ARM v7 gcc compiler
arm-none-eabi-gcc -Wall -O0 -g3 -c -fmessage-length=0 -MT"src/main.o" -mcpu=cortex-a9 -mfpu=vfpv3 -mfloat-abi=hard -I../../project_code_bsp/ps7_cortexa9_0/include -MMD -MP -MF"src/main.d" -MT"src/main.o" -o "src/main.o" "../src/main.c"
In file included from ../../project_code_bsp/ps7_cortexa9_0/include/xgpio.h:135:0,
                 from ../src/main.c:52:
../src/main.c: In function 'init_btn':
../../project_code_bsp/ps7_cortexa9_0/include/xstatus.h:65:41: warning: 'return' with a value, in function returning void
 #define XST_FAILURE                     1L
                                         ^
../src/main.c:140:35: note: in expansion of macro 'XST_FAILURE'
  if(status != XST_SUCCESS) return XST_FAILURE;
                                   ^~~~~~~~~~~
../src/main.c:137:6: note: declared here
 void init_btn() {
      ^~~~~~~~
../src/main.c: In function 'init_rtcc':
../src/main.c:158:4: warning: implicit declaration of function 'EnableCaches' [-Wimplicit-function-declaration]
    EnableCaches();
    ^~~~~~~~~~~~
../src/main.c: In function 'SetTime':
../src/main.c:304:21: error: 'myDevice' undeclared (first use in this function)
       RTCC_setYear(&myDevice, val.year);
                     ^~~~~~~~
../src/main.c:304:21: note: each undeclared identifier is reported only once for each function it appears in
../src/main.c: At top level:
../src/main.c:430:6: warning: conflicting types for 'EnableCaches'
 void EnableCaches() {
      ^~~~~~~~~~~~
../src/main.c:158:4: note: previous implicit declaration of 'EnableCaches' was here
    EnableCaches();
    ^~~~~~~~~~~~
../src/main.c: In function 'InitializeThermostat':
../src/main.c:460:4: error: too few arguments to function 'init_rtcc'
    init_rtcc();
    ^~~~~~~~~
../src/main.c:155:6: note: declared here
 void init_rtcc(u8 mode) {
      ^~~~~~~~~
../src/main.c: In function 'RunThermostat':
../src/main.c:609:30: error: 'myDevice' undeclared (first use in this function)
          if (RTCC_checkFlag(&myDevice, RTCC_TARGET_ALM0)) {
                              ^~~~~~~~
At top level:
../src/main.c:401:6: warning: 'BTN_Intr_Handler' defined but not used [-Wunused-function]
 void BTN_Intr_Handler(void *InstancePtr)
      ^~~~~~~~~~~~~~~~
../src/main.c:132:12: warning: 'temp_current' defined but not used [-Wunused-variable]
 static int temp_current;
            ^~~~~~~~~~~~
make: *** [src/main.o] Error 1
src/subdir.mk:24: recipe for target 'src/main.o' failed
